
 Start         Length     Name                   Class
 0001:00401000 000072470H _TEXT                  CODE
 0002:00474000 0000059A0H _DATA                  DATA
 0003:004799A0 000004168H _BSS                   BSS
 0004:00000000 0000000B4H _TLS                   TLS


Detailed map of segments
 0001:00000000 0000014F C=CODE    S=_TEXT    G=(none)   M=C:\PROGRAM FILES\BORLAND\CBUILDER5\LIB\C0W32.OBJ ACBP=A9
 0001:0000014F 00000171 C=CODE    S=_TEXT    G=(none)   M=C:\PROGRAM FILES\BORLAND\CBUILDER5\LIB\OBJ\SYSINIT.OBJ ACBP=A9
 0001:000002C0 00000138 C=CODE    S=_TEXT    G=(none)   M=H:\DRIVE\MY PROJECTS\OBSOLETE\PROGS\AMR.VCL\RUNCLOSER.OBJ ACBP=A9
 0001:000003F8 00000C08 C=CODE    S=_TEXT    G=(none)   M=H:\DRIVE\MY PROJECTS\OBSOLETE\PROGS\AMR.VCL\UNIT1.OBJ ACBP=A9
 0001:00001000 00000824 C=CODE    S=_TEXT    G=(none)   M=H:\DRIVE\MY PROJECTS\OBSOLETE\FORM_TEMPLATES\ABOUT_FRM.OBJ ACBP=A9
 0001:000017D8 00000240 C=CODE    S=_TEXT    G=(none)   M=C:\PROGRAM FILES\BORLAND\CBUILDER5\LIB\DEBUG\VCL50.LIB|Contnrs ACBP=A9
 0001:00001A18 00000038 C=CODE    S=_TEXT    G=(none)   M=C:\PROGRAM FILES\BORLAND\CBUILDER5\LIB\DEBUG\VCL50.LIB|UrlMon ACBP=A9
 0001:00001A50 00000170 C=CODE    S=_TEXT    G=(none)   M=C:\PROGRAM FILES\BORLAND\CBUILDER5\LIB\DEBUG\VCL50.LIB|StdActns ACBP=A9
 0001:00001BC0 00001DA8 C=CODE    S=_TEXT    G=(none)   M=C:\PROGRAM FILES\BORLAND\CBUILDER5\LIB\DEBUG\VCL50.LIB|ImgList ACBP=A9
 0001:00003968 0000137C C=CODE    S=_TEXT    G=(none)   M=C:\PROGRAM FILES\BORLAND\CBUILDER5\LIB\DEBUG\VCL50.LIB|ActnList ACBP=A9
 0001:00004CE4 00000C64 C=CODE    S=_TEXT    G=(none)   M=C:\PROGRAM FILES\BORLAND\CBUILDER5\LIB\DEBUG\VCL50.LIB|ToolWin ACBP=A9
 0001:00005948 0000060C C=CODE    S=_TEXT    G=(none)   M=C:\PROGRAM FILES\BORLAND\CBUILDER5\LIB\DEBUG\VCL50.LIB|TypInfo ACBP=A9
 0001:00005F54 00003FEC C=CODE    S=_TEXT    G=(none)   M=C:\PROGRAM FILES\BORLAND\CBUILDER5\LIB\DEBUG\VCL50.LIB|StdCtrls ACBP=A9
 0001:00009F40 00000044 C=CODE    S=_TEXT    G=(none)   M=C:\PROGRAM FILES\BORLAND\CBUILDER5\LIB\DEBUG\VCL50.LIB|Printers ACBP=A9
 0001:00009F84 000074F3 C=CODE    S=_TEXT    G=(none)   M=C:\PROGRAM FILES\BORLAND\CBUILDER5\LIB\DEBUG\VCL50.LIB|Menus ACBP=A9
 0001:00011478 0000A313 C=CODE    S=_TEXT    G=(none)   M=C:\PROGRAM FILES\BORLAND\CBUILDER5\LIB\DEBUG\VCL50.LIB|Graphics ACBP=A9
 0001:0001B78C 0000F373 C=CODE    S=_TEXT    G=(none)   M=C:\PROGRAM FILES\BORLAND\CBUILDER5\LIB\DEBUG\VCL50.LIB|Forms ACBP=A9
 0001:0002AAFF 000028BD C=CODE    S=_TEXT    G=(none)   M=C:\PROGRAM FILES\BORLAND\CBUILDER5\LIB\DEBUG\VCL50.LIB|ExtCtrls ACBP=A9
 0001:0002D3BC 000136B0 C=CODE    S=_TEXT    G=(none)   M=C:\PROGRAM FILES\BORLAND\CBUILDER5\LIB\DEBUG\VCL50.LIB|Controls ACBP=A9
 0001:00040A6C 00000338 C=CODE    S=_TEXT    G=(none)   M=C:\PROGRAM FILES\BORLAND\CBUILDER5\LIB\DEBUG\VCL50.LIB|Consts ACBP=A9
 0001:00040DA4 00000040 C=CODE    S=_TEXT    G=(none)   M=C:\PROGRAM FILES\BORLAND\CBUILDER5\LIB\DEBUG\VCL50.LIB|ComStrs ACBP=A9
 0001:00040DE4 0000B9C0 C=CODE    S=_TEXT    G=(none)   M=C:\PROGRAM FILES\BORLAND\CBUILDER5\LIB\DEBUG\VCL50.LIB|ComCtrls ACBP=A9
 0001:0004C7A4 00000098 C=CODE    S=_TEXT    G=(none)   M=C:\PROGRAM FILES\BORLAND\CBUILDER5\LIB\DEBUG\VCL50.LIB|ClipBrd ACBP=A9
 0001:0004C83C 00009A1B C=CODE    S=_TEXT    G=(none)   M=C:\PROGRAM FILES\BORLAND\CBUILDER5\LIB\DEBUG\VCL50.LIB|Classes ACBP=A9
 0001:00056257 00002806 C=CODE    S=_TEXT    G=(none)   M=C:\PROGRAM FILES\BORLAND\CBUILDER5\LIB\DEBUG\VCL50.LIB|Buttons ACBP=A9
 0001:00058A5D 0000088E C=CODE    S=_TEXT    G=(none)   M=C:\PROGRAM FILES\BORLAND\CBUILDER5\LIB\DEBUG\VCL50.LIB|MultiMon ACBP=A9
 0001:000592EB 0000036C C=CODE    S=_TEXT    G=(none)   M=C:\PROGRAM FILES\BORLAND\CBUILDER5\LIB\DEBUG\VCL50.LIB|FlatSB ACBP=A9
 0001:00059657 00000039 C=CODE    S=_TEXT    G=(none)   M=C:\PROGRAM FILES\BORLAND\CBUILDER5\LIB\DEBUG\VCL50.LIB|Winspool ACBP=A9
 0001:00059690 000002E4 C=CODE    S=_TEXT    G=(none)   M=C:\PROGRAM FILES\BORLAND\CBUILDER5\LIB\DEBUG\VCL50.LIB|Windows ACBP=A9
 0001:00059974 00000038 C=CODE    S=_TEXT    G=(none)   M=C:\PROGRAM FILES\BORLAND\CBUILDER5\LIB\DEBUG\VCL50.LIB|RichEdit ACBP=A9
 0001:000599AC 00000038 C=CODE    S=_TEXT    G=(none)   M=C:\PROGRAM FILES\BORLAND\CBUILDER5\LIB\DEBUG\VCL50.LIB|ActiveX ACBP=A9
 0001:000599E4 00000038 C=CODE    S=_TEXT    G=(none)   M=C:\PROGRAM FILES\BORLAND\CBUILDER5\LIB\DEBUG\VCL50.LIB|Messages ACBP=A9
 0001:00059A1C 00000038 C=CODE    S=_TEXT    G=(none)   M=C:\PROGRAM FILES\BORLAND\CBUILDER5\LIB\DEBUG\VCL50.LIB|Imm ACBP=A9
 0001:00059A54 000003C0 C=CODE    S=_TEXT    G=(none)   M=C:\PROGRAM FILES\BORLAND\CBUILDER5\LIB\DEBUG\VCL50.LIB|CommCtrl ACBP=A9
 0001:00059E14 00000064 C=CODE    S=_TEXT    G=(none)   M=C:\PROGRAM FILES\BORLAND\CBUILDER5\LIB\DEBUG\VCL50.LIB|Math ACBP=A9
 0001:00059E78 000002C8 C=CODE    S=_TEXT    G=(none)   M=C:\PROGRAM FILES\BORLAND\CBUILDER5\LIB\DEBUG\VCL50.LIB|SysConst ACBP=A9
 0001:0005A140 00004AD8 C=CODE    S=_TEXT    G=(none)   M=C:\PROGRAM FILES\BORLAND\CBUILDER5\LIB\DEBUG\VCL50.LIB|SysUtils ACBP=A9
 0001:0005EC18 00005FAC C=CODE    S=_TEXT    G=(none)   M=C:\PROGRAM FILES\BORLAND\CBUILDER5\LIB\DEBUG\VCL50.LIB|System ACBP=A9
 0001:00064BC4 00000007 C=CODE    S=_TEXT    G=(none)   M=C:\PROGRAM FILES\BORLAND\CBUILDER5\LIB\VCL.LIB|vclstd ACBP=A9
 0001:00064BCC 0000002B C=CODE    S=_TEXT    G=(none)   M=C:\PROGRAM FILES\BORLAND\CBUILDER5\LIB\CP32MT.LIB|calloc ACBP=A9
 0001:00064BF8 0000000F C=CODE    S=_TEXT    G=(none)   M=C:\PROGRAM FILES\BORLAND\CBUILDER5\LIB\CP32MT.LIB|del ACBP=A9
 0001:00064C08 0000000F C=CODE    S=_TEXT    G=(none)   M=C:\PROGRAM FILES\BORLAND\CBUILDER5\LIB\CP32MT.LIB|delarray ACBP=A9
 0001:00064C18 000001B6 C=CODE    S=_TEXT    G=(none)   M=C:\PROGRAM FILES\BORLAND\CBUILDER5\LIB\CP32MT.LIB|new ACBP=A9
 0001:00064DD0 0000000F C=CODE    S=_TEXT    G=(none)   M=C:\PROGRAM FILES\BORLAND\CBUILDER5\LIB\CP32MT.LIB|newarray ACBP=A9
 0001:00064DE0 000000DB C=CODE    S=_TEXT    G=(none)   M=C:\PROGRAM FILES\BORLAND\CBUILDER5\LIB\CP32MT.LIB|setnew ACBP=A9
 0001:00064EB4 000001CD C=CODE    S=_TEXT    G=(none)   M=C:\PROGRAM FILES\BORLAND\CBUILDER5\LIB\CP32MT.LIB|hrdir_b ACBP=A9
 0001:00065084 0000006F C=CODE    S=_TEXT    G=(none)   M=C:\PROGRAM FILES\BORLAND\CBUILDER5\LIB\CP32MT.LIB|hrdir_bh ACBP=A9
 0001:000650F4 00000020 C=CODE    S=_TEXT    G=(none)   M=C:\PROGRAM FILES\BORLAND\CBUILDER5\LIB\CP32MT.LIB|hrdir_mf ACBP=A9
 0001:00065114 00000016 C=CODE    S=_TEXT    G=(none)   M=C:\PROGRAM FILES\BORLAND\CBUILDER5\LIB\CP32MT.LIB|hrdir_r ACBP=A9
 0001:0006512C 000000B8 C=CODE    S=_TEXT    G=(none)   M=C:\PROGRAM FILES\BORLAND\CBUILDER5\LIB\CP32MT.LIB|hrdir_s ACBP=A9
 0001:000651E4 00000001 C=CODE    S=_TEXT    G=(none)   M=C:\PROGRAM FILES\BORLAND\CBUILDER5\LIB\CP32MT.LIB|hrdir_us ACBP=A9
 0001:000651E8 00000095 C=CODE    S=_TEXT    G=(none)   M=C:\PROGRAM FILES\BORLAND\CBUILDER5\LIB\CP32MT.LIB|pheap ACBP=A9
 0001:0006527D 00000042 C=CODE    S=_TEXT    G=(none)   M=C:\PROGRAM FILES\BORLAND\CBUILDER5\LIB\CP32MT.LIB|crtlvcl ACBP=A9
 0001:000652BE 0000002F C=CODE    S=_TEXT    G=(none)   M=C:\PROGRAM FILES\BORLAND\CBUILDER5\LIB\CP32MT.LIB|syshook ACBP=A9
 0001:000652F0 0000015C C=CODE    S=_TEXT    G=(none)   M=C:\PROGRAM FILES\BORLAND\CBUILDER5\LIB\CP32MT.LIB|predecl ACBP=A9
 0001:0006544C 00000178 C=CODE    S=_TEXT    G=(none)   M=C:\PROGRAM FILES\BORLAND\CBUILDER5\LIB\CP32MT.LIB|stdexcpt ACBP=A9
 0001:00065540 00000024 C=CODE    S=_TEXT    G=(none)   M=C:\PROGRAM FILES\BORLAND\CBUILDER5\LIB\CP32MT.LIB|memcpy ACBP=A9
 0001:00065564 0000004A C=CODE    S=_TEXT    G=(none)   M=C:\PROGRAM FILES\BORLAND\CBUILDER5\LIB\CP32MT.LIB|memmove ACBP=A9
 0001:000655B0 0000008A C=CODE    S=_TEXT    G=(none)   M=C:\PROGRAM FILES\BORLAND\CBUILDER5\LIB\CP32MT.LIB|memset ACBP=A9
 0001:0006563C 00000018 C=CODE    S=_TEXT    G=(none)   M=C:\PROGRAM FILES\BORLAND\CBUILDER5\LIB\CP32MT.LIB|wmemset ACBP=A9
 0001:00065654 0000003C C=CODE    S=_TEXT    G=(none)   M=C:\PROGRAM FILES\BORLAND\CBUILDER5\LIB\CP32MT.LIB|strcat ACBP=A9
 0001:00065690 0000005A C=CODE    S=_TEXT    G=(none)   M=C:\PROGRAM FILES\BORLAND\CBUILDER5\LIB\CP32MT.LIB|strlen ACBP=A9
 0001:000656EC 0000006E C=CODE    S=_TEXT    G=(none)   M=C:\PROGRAM FILES\BORLAND\CBUILDER5\LIB\CP32MT.LIB|strncat ACBP=A9
 0001:0006575C 00000027 C=CODE    S=_TEXT    G=(none)   M=C:\PROGRAM FILES\BORLAND\CBUILDER5\LIB\CP32MT.LIB|strncmp ACBP=A9
 0001:00065784 0000006C C=CODE    S=_TEXT    G=(none)   M=C:\PROGRAM FILES\BORLAND\CBUILDER5\LIB\CP32MT.LIB|memcmp ACBP=A9
 0001:000657F0 00000032 C=CODE    S=_TEXT    G=(none)   M=C:\PROGRAM FILES\BORLAND\CBUILDER5\LIB\CP32MT.LIB|strdup ACBP=A9
 0001:00065824 0000004F C=CODE    S=_TEXT    G=(none)   M=C:\PROGRAM FILES\BORLAND\CBUILDER5\LIB\CP32MT.LIB|strncpy ACBP=A9
 0001:00065874 0000006E C=CODE    S=_TEXT    G=(none)   M=C:\PROGRAM FILES\BORLAND\CBUILDER5\LIB\CP32MT.LIB|strtok ACBP=A9
 0001:000658E4 00000018 C=CODE    S=_TEXT    G=(none)   M=C:\PROGRAM FILES\BORLAND\CBUILDER5\LIB\CP32MT.LIB|wcslen ACBP=A9
 0001:000658FC 0000003F C=CODE    S=_TEXT    G=(none)   M=C:\PROGRAM FILES\BORLAND\CBUILDER5\LIB\CP32MT.LIB|wcscpy ACBP=A9
 0001:0006593C 00000070 C=CODE    S=_TEXT    G=(none)   M=C:\PROGRAM FILES\BORLAND\CBUILDER5\LIB\CP32MT.LIB|xxa ACBP=A9
 0001:000659AC 00000A2A C=CODE    S=_TEXT    G=(none)   M=C:\PROGRAM FILES\BORLAND\CBUILDER5\LIB\CP32MT.LIB|xxtype ACBP=A9
 0001:000663D6 000000B6 C=CODE    S=_TEXT    G=(none)   M=C:\PROGRAM FILES\BORLAND\CBUILDER5\LIB\CP32MT.LIB|xxut ACBP=A9
 0001:00066478 0000014B C=CODE    S=_TEXT    G=(none)   M=C:\PROGRAM FILES\BORLAND\CBUILDER5\LIB\CP32MT.LIB|xxv ACBP=A9
 0001:000665C4 0000000A C=CODE    S=_TEXT    G=(none)   M=C:\PROGRAM FILES\BORLAND\CBUILDER5\LIB\CP32MT.LIB|defhandl ACBP=A9
 0001:000665D0 00000179 C=CODE    S=_TEXT    G=(none)   M=C:\PROGRAM FILES\BORLAND\CBUILDER5\LIB\CP32MT.LIB|except ACBP=A9
 0001:0006674C 00000046 C=CODE    S=_TEXT    G=(none)   M=C:\PROGRAM FILES\BORLAND\CBUILDER5\LIB\CP32MT.LIB|setexc ACBP=A9
 0001:00066794 00000022 C=CODE    S=_TEXT    G=(none)   M=C:\PROGRAM FILES\BORLAND\CBUILDER5\LIB\CP32MT.LIB|ta ACBP=A9
 0001:000667B8 00000047 C=CODE    S=_TEXT    G=(none)   M=C:\PROGRAM FILES\BORLAND\CBUILDER5\LIB\CP32MT.LIB|__isatty ACBP=A9
 0001:00066800 00000084 C=CODE    S=_TEXT    G=(none)   M=C:\PROGRAM FILES\BORLAND\CBUILDER5\LIB\CP32MT.LIB|__lseek ACBP=A9
 0001:00066884 00000132 C=CODE    S=_TEXT    G=(none)   M=C:\PROGRAM FILES\BORLAND\CBUILDER5\LIB\CP32MT.LIB|__write ACBP=A9
 0001:000669B8 00000011 C=CODE    S=_TEXT    G=(none)   M=C:\PROGRAM FILES\BORLAND\CBUILDER5\LIB\CP32MT.LIB|_cfinfo ACBP=A9
 0001:000669CC 00000042 C=CODE    S=_TEXT    G=(none)   M=C:\PROGRAM FILES\BORLAND\CBUILDER5\LIB\CP32MT.LIB|_flshall ACBP=A9
 0001:00066A10 00000061 C=CODE    S=_TEXT    G=(none)   M=C:\PROGRAM FILES\BORLAND\CBUILDER5\LIB\CP32MT.LIB|_write ACBP=A9
 0001:00066A74 0000007D C=CODE    S=_TEXT    G=(none)   M=C:\PROGRAM FILES\BORLAND\CBUILDER5\LIB\CP32MT.LIB|allocbuf ACBP=A9
 0001:00066AF4 0000008F C=CODE    S=_TEXT    G=(none)   M=C:\PROGRAM FILES\BORLAND\CBUILDER5\LIB\CP32MT.LIB|fflush ACBP=A9
 0001:00066B84 00000064 C=CODE    S=_TEXT    G=(none)   M=C:\PROGRAM FILES\BORLAND\CBUILDER5\LIB\CP32MT.LIB|flushout ACBP=A9
 0001:00066BE8 00000023 C=CODE    S=_TEXT    G=(none)   M=C:\PROGRAM FILES\BORLAND\CBUILDER5\LIB\CP32MT.LIB|fmodeptr ACBP=A9
 0001:00066C0C 000003EB C=CODE    S=_TEXT    G=(none)   M=C:\PROGRAM FILES\BORLAND\CBUILDER5\LIB\CP32MT.LIB|handles ACBP=A9
 0001:00066FF8 0000008A C=CODE    S=_TEXT    G=(none)   M=C:\PROGRAM FILES\BORLAND\CBUILDER5\LIB\CP32MT.LIB|ioerror ACBP=A9
 0001:00067082 00000083 C=CODE    S=_TEXT    G=(none)   M=C:\PROGRAM FILES\BORLAND\CBUILDER5\LIB\CP32MT.LIB|perror ACBP=A9
 0001:00067084 00000270 C=CODE    S=_TEXT    G=(none)   M=C:\PROGRAM FILES\BORLAND\CBUILDER5\LIB\CP32MT.LIB|streams ACBP=A9
 0001:000672F4 00000031 C=CODE    S=_TEXT    G=(none)   M=C:\PROGRAM FILES\BORLAND\CBUILDER5\LIB\CP32MT.LIB|xfflush ACBP=A9
 0001:00067328 00000051 C=CODE    S=_TEXT    G=(none)   M=C:\PROGRAM FILES\BORLAND\CBUILDER5\LIB\CP32MT.LIB|getinfo ACBP=A9
 0001:0006737C 00000102 C=CODE    S=_TEXT    G=(none)   M=C:\PROGRAM FILES\BORLAND\CBUILDER5\LIB\CP32MT.LIB|is ACBP=A9
 0001:00067480 00000103 C=CODE    S=_TEXT    G=(none)   M=C:\PROGRAM FILES\BORLAND\CBUILDER5\LIB\CP32MT.LIB|wis ACBP=A9
 0001:00067584 00000043 C=CODE    S=_TEXT    G=(none)   M=C:\PROGRAM FILES\BORLAND\CBUILDER5\LIB\CP32MT.LIB|isctype ACBP=A9
 0001:000675C8 00000055 C=CODE    S=_TEXT    G=(none)   M=C:\PROGRAM FILES\BORLAND\CBUILDER5\LIB\CP32MT.LIB|iswctype ACBP=A9
 0001:00067620 00000188 C=CODE    S=_TEXT    G=(none)   M=C:\PROGRAM FILES\BORLAND\CBUILDER5\LIB\CP32MT.LIB|_pow10 ACBP=A9
 0001:000677A8 00000077 C=CODE    S=_TEXT    G=(none)   M=C:\PROGRAM FILES\BORLAND\CBUILDER5\LIB\CP32MT.LIB|atol ACBP=A9
 0001:00067820 00000013 C=CODE    S=_TEXT    G=(none)   M=C:\PROGRAM FILES\BORLAND\CBUILDER5\LIB\CP32MT.LIB|clear87 ACBP=A9
 0001:00067834 0000002F C=CODE    S=_TEXT    G=(none)   M=C:\PROGRAM FILES\BORLAND\CBUILDER5\LIB\CP32MT.LIB|ctrl87 ACBP=A9
 0001:00067864 00000018 C=CODE    S=_TEXT    G=(none)   M=C:\PROGRAM FILES\BORLAND\CBUILDER5\LIB\CP32MT.LIB|cvtfak ACBP=A9
 0001:0006787C 00000018 C=CODE    S=_TEXT    G=(none)   M=C:\PROGRAM FILES\BORLAND\CBUILDER5\LIB\CP32MT.LIB|cvtfakw ACBP=A9
 0001:00067894 00000016 C=CODE    S=_TEXT    G=(none)   M=C:\PROGRAM FILES\BORLAND\CBUILDER5\LIB\CP32MT.LIB|fpreset ACBP=A9
 0001:000678AC 0000002D C=CODE    S=_TEXT    G=(none)   M=C:\PROGRAM FILES\BORLAND\CBUILDER5\LIB\CP32MT.LIB|fuildq ACBP=A9
 0001:000678DC 00000021 C=CODE    S=_TEXT    G=(none)   M=C:\PROGRAM FILES\BORLAND\CBUILDER5\LIB\CP32MT.LIB|fuistq ACBP=A9
 0001:00067900 00000011 C=CODE    S=_TEXT    G=(none)   M=C:\PROGRAM FILES\BORLAND\CBUILDER5\LIB\CP32MT.LIB|fxam ACBP=A9
 0001:00067914 00000118 C=CODE    S=_TEXT    G=(none)   M=C:\PROGRAM FILES\BORLAND\CBUILDER5\LIB\CP32MT.LIB|ldtrunc ACBP=A9
 0001:00067A2C 0000008F C=CODE    S=_TEXT    G=(none)   M=C:\PROGRAM FILES\BORLAND\CBUILDER5\LIB\CP32MT.LIB|longtoa ACBP=A9
 0001:00067ABC 0000002A C=CODE    S=_TEXT    G=(none)   M=C:\PROGRAM FILES\BORLAND\CBUILDER5\LIB\CP32MT.LIB|matherr ACBP=A9
 0001:00067AE8 0000002E C=CODE    S=_TEXT    G=(none)   M=C:\PROGRAM FILES\BORLAND\CBUILDER5\LIB\CP32MT.LIB|matherrl ACBP=A9
 0001:00067B18 00000016 C=CODE    S=_TEXT    G=(none)   M=C:\PROGRAM FILES\BORLAND\CBUILDER5\LIB\CP32MT.LIB|mathptr ACBP=A9
 0001:00067B30 00000025 C=CODE    S=_TEXT    G=(none)   M=C:\PROGRAM FILES\BORLAND\CBUILDER5\LIB\CP32MT.LIB|qdiv10 ACBP=A9
 0001:00067B58 0000002E C=CODE    S=_TEXT    G=(none)   M=C:\PROGRAM FILES\BORLAND\CBUILDER5\LIB\CP32MT.LIB|qmul10 ACBP=A9
 0001:00067B88 000002F9 C=CODE    S=_TEXT    G=(none)   M=C:\PROGRAM FILES\BORLAND\CBUILDER5\LIB\CP32MT.LIB|realcvt ACBP=A9
 0001:00067E84 00000331 C=CODE    S=_TEXT    G=(none)   M=C:\PROGRAM FILES\BORLAND\CBUILDER5\LIB\CP32MT.LIB|realcvtw ACBP=A9
 0001:000681B8 000004E1 C=CODE    S=_TEXT    G=(none)   M=C:\PROGRAM FILES\BORLAND\CBUILDER5\LIB\CP32MT.LIB|scantod ACBP=A9
 0001:0006869C 000004DD C=CODE    S=_TEXT    G=(none)   M=C:\PROGRAM FILES\BORLAND\CBUILDER5\LIB\CP32MT.LIB|scanwtod ACBP=A9
 0001:00068B7C 000002D2 C=CODE    S=_TEXT    G=(none)   M=C:\PROGRAM FILES\BORLAND\CBUILDER5\LIB\CP32MT.LIB|xcvt ACBP=A9
 0001:00068E50 000002F1 C=CODE    S=_TEXT    G=(none)   M=C:\PROGRAM FILES\BORLAND\CBUILDER5\LIB\CP32MT.LIB|xcvtw ACBP=A9
 0001:00069144 00000139 C=CODE    S=_TEXT    G=(none)   M=C:\PROGRAM FILES\BORLAND\CBUILDER5\LIB\CP32MT.LIB|mbctype ACBP=A9
 0001:00069280 0000001A C=CODE    S=_TEXT    G=(none)   M=C:\PROGRAM FILES\BORLAND\CBUILDER5\LIB\CP32MT.LIB|mbisspc ACBP=A9
 0001:0006929C 00000056 C=CODE    S=_TEXT    G=(none)   M=C:\PROGRAM FILES\BORLAND\CBUILDER5\LIB\CP32MT.LIB|mbsrchr ACBP=A9
 0001:000692F4 000000A6 C=CODE    S=_TEXT    G=(none)   M=C:\PROGRAM FILES\BORLAND\CBUILDER5\LIB\CP32MT.LIB|assert ACBP=A9
 0001:0006939C 000000B8 C=CODE    S=_TEXT    G=(none)   M=C:\PROGRAM FILES\BORLAND\CBUILDER5\LIB\CP32MT.LIB|ermsghlp ACBP=A9
 0001:00069454 0000001E C=CODE    S=_TEXT    G=(none)   M=C:\PROGRAM FILES\BORLAND\CBUILDER5\LIB\CP32MT.LIB|errno ACBP=A9
 0001:00069474 0000019B C=CODE    S=_TEXT    G=(none)   M=C:\PROGRAM FILES\BORLAND\CBUILDER5\LIB\CP32MT.LIB|errormsg ACBP=A9
 0001:00069610 00000022 C=CODE    S=_TEXT    G=(none)   M=C:\PROGRAM FILES\BORLAND\CBUILDER5\LIB\CP32MT.LIB|abort ACBP=A9
 0001:00069634 000000BF C=CODE    S=_TEXT    G=(none)   M=C:\PROGRAM FILES\BORLAND\CBUILDER5\LIB\CP32MT.LIB|exit ACBP=A9
 0001:000696F4 0000001A C=CODE    S=_TEXT    G=(none)   M=C:\PROGRAM FILES\BORLAND\CBUILDER5\LIB\CP32MT.LIB|initwild ACBP=A9
 0001:00069710 00000011 C=CODE    S=_TEXT    G=(none)   M=C:\PROGRAM FILES\BORLAND\CBUILDER5\LIB\CP32MT.LIB|exparg ACBP=A9
 0001:00069724 00000011 C=CODE    S=_TEXT    G=(none)   M=C:\PROGRAM FILES\BORLAND\CBUILDER5\LIB\CP32MT.LIB|wexparg ACBP=A9
 0001:00069738 00000027 C=CODE    S=_TEXT    G=(none)   M=C:\PROGRAM FILES\BORLAND\CBUILDER5\LIB\CP32MT.LIB|initargv ACBP=A9
 0001:00069760 0000016C C=CODE    S=_TEXT    G=(none)   M=C:\PROGRAM FILES\BORLAND\CBUILDER5\LIB\CP32MT.LIB|setargv ACBP=A9
 0001:000698CC 000001E5 C=CODE    S=_TEXT    G=(none)   M=C:\PROGRAM FILES\BORLAND\CBUILDER5\LIB\CP32MT.LIB|hsargv ACBP=A9
 0001:00069AB4 00000227 C=CODE    S=_TEXT    G=(none)   M=C:\PROGRAM FILES\BORLAND\CBUILDER5\LIB\CP32MT.LIB|whsargv ACBP=A9
 0001:00069CDC 00000045 C=CODE    S=_TEXT    G=(none)   M=C:\PROGRAM FILES\BORLAND\CBUILDER5\LIB\CP32MT.LIB|setargv0 ACBP=A9
 0001:00069D24 000001D2 C=CODE    S=_TEXT    G=(none)   M=C:\PROGRAM FILES\BORLAND\CBUILDER5\LIB\CP32MT.LIB|setenvp ACBP=A9
 0001:00069EF8 00000388 C=CODE    S=_TEXT    G=(none)   M=C:\PROGRAM FILES\BORLAND\CBUILDER5\LIB\CP32MT.LIB|signal ACBP=A9
 0001:0006A280 0000018B C=CODE    S=_TEXT    G=(none)   M=C:\PROGRAM FILES\BORLAND\CBUILDER5\LIB\CP32MT.LIB|initexit ACBP=A9
 0001:0006A40C 000001A4 C=CODE    S=_TEXT    G=(none)   M=C:\PROGRAM FILES\BORLAND\CBUILDER5\LIB\CP32MT.LIB|startup ACBP=A9
 0001:0006A5B0 00000067 C=CODE    S=_TEXT    G=(none)   M=C:\PROGRAM FILES\BORLAND\CBUILDER5\LIB\CP32MT.LIB|tls ACBP=A9
 0001:0006A618 0000004F C=CODE    S=_TEXT    G=(none)   M=C:\PROGRAM FILES\BORLAND\CBUILDER5\LIB\CP32MT.LIB|tlsstat ACBP=A9
 0001:0006A668 000001C7 C=CODE    S=_TEXT    G=(none)   M=C:\PROGRAM FILES\BORLAND\CBUILDER5\LIB\CP32MT.LIB|thrddata ACBP=A9
 0001:0006A830 000000D5 C=CODE    S=_TEXT    G=(none)   M=C:\PROGRAM FILES\BORLAND\CBUILDER5\LIB\CP32MT.LIB|_lock ACBP=A9
 0001:0006A908 00003DD4 C=CODE    S=_TEXT    G=(none)   M=C:\PROGRAM FILES\BORLAND\CBUILDER5\LIB\CP32MT.LIB|xx ACBP=A9
 0001:0006E690 00000012 C=CODE    S=_TEXT    G=(none)   M=C:\PROGRAM FILES\BORLAND\CBUILDER5\LIB\DEBUG\VCLE50.LIB|_t_Contr ACBP=A9
 0001:0006E69D 0000000D C=CODE    S=_TEXT    G=(none)   M=C:\PROGRAM FILES\BORLAND\CBUILDER5\LIB\DEBUG\VCLE50.LIB|_t_Forms ACBP=A9
 0001:0006E6A5 000001A7 C=CODE    S=_TEXT    G=(none)   M=C:\PROGRAM FILES\BORLAND\CBUILDER5\LIB\DEBUG\VCLE50.LIB|dstring ACBP=A9
 0001:0006E800 00000156 C=CODE    S=_TEXT    G=(none)   M=C:\PROGRAM FILES\BORLAND\CBUILDER5\LIB\DEBUG\VCLE50.LIB|vclinit ACBP=A9
 0001:0006E908 00000031 C=CODE    S=_TEXT    G=(none)   M=C:\PROGRAM FILES\BORLAND\CBUILDER5\LIB\DEBUG\VCLE50.LIB|classcre ACBP=A9
 0001:0006E939 000008D3 C=CODE    S=_TEXT    G=(none)   M=C:\PROGRAM FILES\BORLAND\CBUILDER5\LIB\EXERES.OBJ ACBP=A9
 0001:0006F20C 00001740 C=CODE    S=_TEXT    G=(none)   M=C:\PROGRAM FILES\BORLAND\CBUILDER5\LIB\EXEINFO.OBJ ACBP=A9
 0001:0007094C 000012C0 C=CODE    S=_TEXT    G=(none)   M=C:\PROGRAM FILES\BORLAND\CBUILDER5\LIB\FRAMEPAN.OBJ ACBP=A9
 0002:0000029C 000000A4 C=DATA    S=_DATA    G=DGROUP   M=C:\PROGRAM FILES\BORLAND\CBUILDER5\LIB\C0W32.OBJ ACBP=A9
 0002:00000340 0000002C C=DATA    S=_DATA    G=DGROUP   M=C:\PROGRAM FILES\BORLAND\CBUILDER5\LIB\OBJ\SYSINIT.OBJ ACBP=A9
 0002:0000035C 0000005C C=DATA    S=_DATA    G=DGROUP   M=H:\DRIVE\MY PROJECTS\OBSOLETE\PROGS\AMR.VCL\RUNCLOSER.OBJ ACBP=A9
 0002:000003B8 00000370 C=DATA    S=_DATA    G=DGROUP   M=H:\DRIVE\MY PROJECTS\OBSOLETE\PROGS\AMR.VCL\UNIT1.OBJ ACBP=A9
 0002:00000728 0000059C C=DATA    S=_DATA    G=DGROUP   M=H:\DRIVE\MY PROJECTS\OBSOLETE\FORM_TEMPLATES\ABOUT_FRM.OBJ ACBP=A9
 0002:00000CB0 00000010 C=DATA    S=_DATA    G=DGROUP   M=C:\PROGRAM FILES\BORLAND\CBUILDER5\LIB\DEBUG\VCL50.LIB|UrlMon ACBP=A9
 0002:00000CB0 00000004 C=DATA    S=_DATA    G=DGROUP   M=C:\PROGRAM FILES\BORLAND\CBUILDER5\LIB\DEBUG\VCL50.LIB|StdActns ACBP=A9
 0002:00000CB0 0000002C C=DATA    S=_DATA    G=DGROUP   M=C:\PROGRAM FILES\BORLAND\CBUILDER5\LIB\DEBUG\VCL50.LIB|ImgList ACBP=A9
 0002:00000CD0 00000004 C=DATA    S=_DATA    G=DGROUP   M=C:\PROGRAM FILES\BORLAND\CBUILDER5\LIB\DEBUG\VCL50.LIB|ActnList ACBP=A9
 0002:00000CD0 00000020 C=DATA    S=_DATA    G=DGROUP   M=C:\PROGRAM FILES\BORLAND\CBUILDER5\LIB\DEBUG\VCL50.LIB|ToolWin ACBP=A9
 0002:00000CF0 00000010 C=DATA    S=_DATA    G=DGROUP   M=C:\PROGRAM FILES\BORLAND\CBUILDER5\LIB\DEBUG\VCL50.LIB|TypInfo ACBP=A9
 0002:00000D00 0000008C C=DATA    S=_DATA    G=DGROUP   M=C:\PROGRAM FILES\BORLAND\CBUILDER5\LIB\DEBUG\VCL50.LIB|StdCtrls ACBP=A9
 0002:00000D80 0000000C C=DATA    S=_DATA    G=DGROUP   M=C:\PROGRAM FILES\BORLAND\CBUILDER5\LIB\DEBUG\VCL50.LIB|Printers ACBP=A9
 0002:00000D84 000000EC C=DATA    S=_DATA    G=DGROUP   M=C:\PROGRAM FILES\BORLAND\CBUILDER5\LIB\DEBUG\VCL50.LIB|Menus ACBP=A9
 0002:00000E70 000002B4 C=DATA    S=_DATA    G=DGROUP   M=C:\PROGRAM FILES\BORLAND\CBUILDER5\LIB\DEBUG\VCL50.LIB|Graphics ACBP=A9
 0002:00001124 0000013C C=DATA    S=_DATA    G=DGROUP   M=C:\PROGRAM FILES\BORLAND\CBUILDER5\LIB\DEBUG\VCL50.LIB|Forms ACBP=A9
 0002:00001260 00000024 C=DATA    S=_DATA    G=DGROUP   M=C:\PROGRAM FILES\BORLAND\CBUILDER5\LIB\DEBUG\VCL50.LIB|ExtCtrls ACBP=A9
 0002:00001274 0000012C C=DATA    S=_DATA    G=DGROUP   M=C:\PROGRAM FILES\BORLAND\CBUILDER5\LIB\DEBUG\VCL50.LIB|Controls ACBP=A9
 0002:000013A0 0000008D C=DATA    S=_DATA    G=DGROUP   M=C:\PROGRAM FILES\BORLAND\CBUILDER5\LIB\DEBUG\VCL50.LIB|ComCtrls ACBP=A9
 0002:00001428 00000088 C=DATA    S=_DATA    G=DGROUP   M=C:\PROGRAM FILES\BORLAND\CBUILDER5\LIB\DEBUG\VCL50.LIB|Classes ACBP=A9
 0002:00001494 00000046 C=DATA    S=_DATA    G=DGROUP   M=C:\PROGRAM FILES\BORLAND\CBUILDER5\LIB\DEBUG\VCL50.LIB|Buttons ACBP=A9
 0002:000014DA 00000010 C=DATA    S=_DATA    G=DGROUP   M=C:\PROGRAM FILES\BORLAND\CBUILDER5\LIB\DEBUG\VCL50.LIB|Windows ACBP=A9
 0002:000014DA 00000010 C=DATA    S=_DATA    G=DGROUP   M=C:\PROGRAM FILES\BORLAND\CBUILDER5\LIB\DEBUG\VCL50.LIB|ActiveX ACBP=A9
 0002:000014DA 00000008 C=DATA    S=_DATA    G=DGROUP   M=C:\PROGRAM FILES\BORLAND\CBUILDER5\LIB\DEBUG\VCL50.LIB|Math ACBP=A9
 0002:000014DC 000001FC C=DATA    S=_DATA    G=DGROUP   M=C:\PROGRAM FILES\BORLAND\CBUILDER5\LIB\DEBUG\VCL50.LIB|SysUtils ACBP=A9
 0002:000016CC 000000A8 C=DATA    S=_DATA    G=DGROUP   M=C:\PROGRAM FILES\BORLAND\CBUILDER5\LIB\DEBUG\VCL50.LIB|System ACBP=A9
 0002:00001770 00000070 C=DATA    S=_DATA    G=DGROUP   M=C:\PROGRAM FILES\BORLAND\CBUILDER5\LIB\CP32MT.LIB|new ACBP=A9
 0002:000017E0 00000088 C=DATA    S=_DATA    G=DGROUP   M=C:\PROGRAM FILES\BORLAND\CBUILDER5\LIB\CP32MT.LIB|setnew ACBP=A9
 0002:00001854 00000160 C=DATA    S=_DATA    G=DGROUP   M=C:\PROGRAM FILES\BORLAND\CBUILDER5\LIB\CP32MT.LIB|hrdir_b ACBP=A9
 0002:000019B4 00000020 C=DATA    S=_DATA    G=DGROUP   M=C:\PROGRAM FILES\BORLAND\CBUILDER5\LIB\CP32MT.LIB|hrdir_s ACBP=A9
 0002:000019D4 00000038 C=DATA    S=_DATA    G=DGROUP   M=C:\PROGRAM FILES\BORLAND\CBUILDER5\LIB\CP32MT.LIB|predecl ACBP=A9
 0002:00001A0C 000000CD C=DATA    S=_DATA    G=DGROUP   M=C:\PROGRAM FILES\BORLAND\CBUILDER5\LIB\CP32MT.LIB|stdexcpt ACBP=A9
 0002:00001AD8 00000004 C=DATA    S=_DATA    G=DGROUP   M=C:\PROGRAM FILES\BORLAND\CBUILDER5\LIB\CP32MT.LIB|xx_xpf ACBP=A9
 0002:00001ADC 00000340 C=DATA    S=_DATA    G=DGROUP   M=C:\PROGRAM FILES\BORLAND\CBUILDER5\LIB\CP32MT.LIB|xxtype ACBP=A9
 0002:00001E1C 0000003C C=DATA    S=_DATA    G=DGROUP   M=C:\PROGRAM FILES\BORLAND\CBUILDER5\LIB\CP32MT.LIB|xxut ACBP=A9
 0002:00001E58 000000E4 C=DATA    S=_DATA    G=DGROUP   M=C:\PROGRAM FILES\BORLAND\CBUILDER5\LIB\CP32MT.LIB|xxv ACBP=A9
 0002:00001F3C 00000014 C=DATA    S=_DATA    G=DGROUP   M=C:\PROGRAM FILES\BORLAND\CBUILDER5\LIB\CP32MT.LIB|except ACBP=A9
 0002:00001F50 00000004 C=DATA    S=_DATA    G=DGROUP   M=C:\PROGRAM FILES\BORLAND\CBUILDER5\LIB\CP32MT.LIB|_cfinfo ACBP=A9
 0002:00001F54 00000004 C=DATA    S=_DATA    G=DGROUP   M=C:\PROGRAM FILES\BORLAND\CBUILDER5\LIB\CP32MT.LIB|cfinfo ACBP=A9
 0002:00001F58 000004B0 C=DATA    S=_DATA    G=DGROUP   M=C:\PROGRAM FILES\BORLAND\CBUILDER5\LIB\CP32MT.LIB|files ACBP=A9
 0002:00002408 000000CC C=DATA    S=_DATA    G=DGROUP   M=C:\PROGRAM FILES\BORLAND\CBUILDER5\LIB\CP32MT.LIB|files2 ACBP=A9
 0002:000024D4 00000004 C=DATA    S=_DATA    G=DGROUP   M=C:\PROGRAM FILES\BORLAND\CBUILDER5\LIB\CP32MT.LIB|fmode ACBP=A9
 0002:000024D8 00000004 C=DATA    S=_DATA    G=DGROUP   M=C:\PROGRAM FILES\BORLAND\CBUILDER5\LIB\CP32MT.LIB|fmodeptr ACBP=A9
 0002:000024DC 00000064 C=DATA    S=_DATA    G=DGROUP   M=C:\PROGRAM FILES\BORLAND\CBUILDER5\LIB\CP32MT.LIB|handles ACBP=A9
 0002:00002540 0000012B C=DATA    S=_DATA    G=DGROUP   M=C:\PROGRAM FILES\BORLAND\CBUILDER5\LIB\CP32MT.LIB|ioerror ACBP=A9
 0002:0000266C 0000047C C=DATA    S=_DATA    G=DGROUP   M=C:\PROGRAM FILES\BORLAND\CBUILDER5\LIB\CP32MT.LIB|perror ACBP=A9
 0002:00002AE8 00000068 C=DATA    S=_DATA    G=DGROUP   M=C:\PROGRAM FILES\BORLAND\CBUILDER5\LIB\CP32MT.LIB|streams ACBP=A9
 0002:00002B50 00000202 C=DATA    S=_DATA    G=DGROUP   M=C:\PROGRAM FILES\BORLAND\CBUILDER5\LIB\CP32MT.LIB|bigctype ACBP=A9
 0002:00002D54 00000260 C=DATA    S=_DATA    G=DGROUP   M=C:\PROGRAM FILES\BORLAND\CBUILDER5\LIB\CP32MT.LIB|clocale ACBP=A9
 0002:00002FB4 000000C0 C=DATA    S=_DATA    G=DGROUP   M=C:\PROGRAM FILES\BORLAND\CBUILDER5\LIB\CP32MT.LIB|_pow10 ACBP=A9
 0002:00003074 00000068 C=DATA    S=_DATA    G=DGROUP   M=C:\PROGRAM FILES\BORLAND\CBUILDER5\LIB\CP32MT.LIB|cvtfak ACBP=A9
 0002:000030DC 00000068 C=DATA    S=_DATA    G=DGROUP   M=C:\PROGRAM FILES\BORLAND\CBUILDER5\LIB\CP32MT.LIB|cvtfakw ACBP=A9
 0002:00003144 00000004 C=DATA    S=_DATA    G=DGROUP   M=C:\PROGRAM FILES\BORLAND\CBUILDER5\LIB\CP32MT.LIB|deflt87 ACBP=A9
 0002:00003148 0000007C C=DATA    S=_DATA    G=DGROUP   M=C:\PROGRAM FILES\BORLAND\CBUILDER5\LIB\CP32MT.LIB|hugeval ACBP=A9
 0002:000031C4 00000008 C=DATA    S=_DATA    G=DGROUP   M=C:\PROGRAM FILES\BORLAND\CBUILDER5\LIB\CP32MT.LIB|initcvt ACBP=A9
 0002:000031CC 00000008 C=DATA    S=_DATA    G=DGROUP   M=C:\PROGRAM FILES\BORLAND\CBUILDER5\LIB\CP32MT.LIB|mathptr ACBP=A9
 0002:000031D4 00000014 C=DATA    S=_DATA    G=DGROUP   M=C:\PROGRAM FILES\BORLAND\CBUILDER5\LIB\CP32MT.LIB|realcvt ACBP=A9
 0002:000031E8 00000028 C=DATA    S=_DATA    G=DGROUP   M=C:\PROGRAM FILES\BORLAND\CBUILDER5\LIB\CP32MT.LIB|realcvtw ACBP=A9
 0002:00003210 00000028 C=DATA    S=_DATA    G=DGROUP   M=C:\PROGRAM FILES\BORLAND\CBUILDER5\LIB\CP32MT.LIB|scantod ACBP=A9
 0002:00003238 00000028 C=DATA    S=_DATA    G=DGROUP   M=C:\PROGRAM FILES\BORLAND\CBUILDER5\LIB\CP32MT.LIB|scanwtod ACBP=A9
 0002:00003260 00000048 C=DATA    S=_DATA    G=DGROUP   M=C:\PROGRAM FILES\BORLAND\CBUILDER5\LIB\CP32MT.LIB|mbctype ACBP=A9
 0002:000032A8 00000024 C=DATA    S=_DATA    G=DGROUP   M=C:\PROGRAM FILES\BORLAND\CBUILDER5\LIB\CP32MT.LIB|assert ACBP=A9
 0002:000032CC 00000024 C=DATA    S=_DATA    G=DGROUP   M=C:\PROGRAM FILES\BORLAND\CBUILDER5\LIB\CP32MT.LIB|ermsghlp ACBP=A9
 0002:000032F0 00000010 C=DATA    S=_DATA    G=DGROUP   M=C:\PROGRAM FILES\BORLAND\CBUILDER5\LIB\CP32MT.LIB|errormsg ACBP=A9
 0002:00003300 00000020 C=DATA    S=_DATA    G=DGROUP   M=C:\PROGRAM FILES\BORLAND\CBUILDER5\LIB\CP32MT.LIB|abort ACBP=A9
 0002:00003320 00000004 C=DATA    S=_DATA    G=DGROUP   M=C:\PROGRAM FILES\BORLAND\CBUILDER5\LIB\CP32MT.LIB|patexit ACBP=A9
 0002:00003324 0000000C C=DATA    S=_DATA    G=DGROUP   M=C:\PROGRAM FILES\BORLAND\CBUILDER5\LIB\CP32MT.LIB|exit ACBP=A9
 0002:00003330 00000008 C=DATA    S=_DATA    G=DGROUP   M=C:\PROGRAM FILES\BORLAND\CBUILDER5\LIB\CP32MT.LIB|saptr ACBP=A9
 0002:00003338 00000008 C=DATA    S=_DATA    G=DGROUP   M=C:\PROGRAM FILES\BORLAND\CBUILDER5\LIB\CP32MT.LIB|wsaptr ACBP=A9
 0002:00003340 00000054 C=DATA    S=_DATA    G=DGROUP   M=C:\PROGRAM FILES\BORLAND\CBUILDER5\LIB\CP32MT.LIB|setargv ACBP=A9
 0002:00003394 00000028 C=DATA    S=_DATA    G=DGROUP   M=C:\PROGRAM FILES\BORLAND\CBUILDER5\LIB\CP32MT.LIB|hsargv ACBP=A9
 0002:000033BC 00000024 C=DATA    S=_DATA    G=DGROUP   M=C:\PROGRAM FILES\BORLAND\CBUILDER5\LIB\CP32MT.LIB|whsargv ACBP=A9
 0002:000033E0 00000004 C=DATA    S=_DATA    G=DGROUP   M=C:\PROGRAM FILES\BORLAND\CBUILDER5\LIB\CP32MT.LIB|wildptr ACBP=A9
 0002:000033E4 00000004 C=DATA    S=_DATA    G=DGROUP   M=C:\PROGRAM FILES\BORLAND\CBUILDER5\LIB\CP32MT.LIB|wwildptr ACBP=A9
 0002:000033E8 00000020 C=DATA    S=_DATA    G=DGROUP   M=C:\PROGRAM FILES\BORLAND\CBUILDER5\LIB\CP32MT.LIB|setargv0 ACBP=A9
 0002:00003408 0000006C C=DATA    S=_DATA    G=DGROUP   M=C:\PROGRAM FILES\BORLAND\CBUILDER5\LIB\CP32MT.LIB|setenvp ACBP=A9
 0002:00003474 0000005E C=DATA    S=_DATA    G=DGROUP   M=C:\PROGRAM FILES\BORLAND\CBUILDER5\LIB\CP32MT.LIB|signal ACBP=A9
 0002:000034D4 00000004 C=DATA    S=_DATA    G=DGROUP   M=C:\PROGRAM FILES\BORLAND\CBUILDER5\LIB\CP32MT.LIB|globals ACBP=A9
 0002:000034D8 0000001C C=DATA    S=_DATA    G=DGROUP   M=C:\PROGRAM FILES\BORLAND\CBUILDER5\LIB\CP32MT.LIB|initexit ACBP=A9
 0002:000034F4 0000001C C=DATA    S=_DATA    G=DGROUP   M=C:\PROGRAM FILES\BORLAND\CBUILDER5\LIB\CP32MT.LIB|thrddata ACBP=A9
 0002:00003510 00000014 C=DATA    S=_DATA    G=DGROUP   M=C:\PROGRAM FILES\BORLAND\CBUILDER5\LIB\CP32MT.LIB|_lock ACBP=A9
 0002:00003524 000013E8 C=DATA    S=_DATA    G=DGROUP   M=C:\PROGRAM FILES\BORLAND\CBUILDER5\LIB\CP32MT.LIB|xx ACBP=A9
 0002:0000490C 000000D4 C=DATA    S=_DATA    G=DGROUP   M=C:\PROGRAM FILES\BORLAND\CBUILDER5\LIB\DEBUG\VCLE50.LIB|dstring ACBP=A9
 0002:000049CC 0000006C C=DATA    S=_DATA    G=DGROUP   M=C:\PROGRAM FILES\BORLAND\CBUILDER5\LIB\DEBUG\VCLE50.LIB|vclinit ACBP=A9
 0002:00004A38 000001BD C=DATA    S=_DATA    G=DGROUP   M=C:\PROGRAM FILES\BORLAND\CBUILDER5\LIB\EXERES.OBJ ACBP=A9
 0002:00004BD8 00000920 C=DATA    S=_DATA    G=DGROUP   M=C:\PROGRAM FILES\BORLAND\CBUILDER5\LIB\EXEINFO.OBJ ACBP=A9
 0002:000054D8 00000177 C=DATA    S=_DATA    G=DGROUP   M=C:\PROGRAM FILES\BORLAND\CBUILDER5\LIB\FRAMEPAN.OBJ ACBP=A9
 0002:00005630 00000374 C=DATA    S=_DATA    G=DGROUP   M=<internal> ACBP=A9
 0003:00000000 0000001C C=BSS     S=_BSS     G=DGROUP   M=C:\PROGRAM FILES\BORLAND\CBUILDER5\LIB\OBJ\SYSINIT.OBJ ACBP=A9
 0003:0000001C 00000004 C=BSS     S=_BSS     G=DGROUP   M=H:\DRIVE\MY PROJECTS\OBSOLETE\PROGS\AMR.VCL\UNIT1.OBJ ACBP=A9
 0003:00000020 00000004 C=BSS     S=_BSS     G=DGROUP   M=H:\DRIVE\MY PROJECTS\OBSOLETE\FORM_TEMPLATES\ABOUT_FRM.OBJ ACBP=A9
 0003:00000024 00000004 C=BSS     S=_BSS     G=DGROUP   M=C:\PROGRAM FILES\BORLAND\CBUILDER5\LIB\DEBUG\VCL50.LIB|Contnrs ACBP=A9
 0003:00000028 00000004 C=BSS     S=_BSS     G=DGROUP   M=C:\PROGRAM FILES\BORLAND\CBUILDER5\LIB\DEBUG\VCL50.LIB|UrlMon ACBP=A9
 0003:0000002C 00000004 C=BSS     S=_BSS     G=DGROUP   M=C:\PROGRAM FILES\BORLAND\CBUILDER5\LIB\DEBUG\VCL50.LIB|StdActns ACBP=A9
 0003:00000030 00000004 C=BSS     S=_BSS     G=DGROUP   M=C:\PROGRAM FILES\BORLAND\CBUILDER5\LIB\DEBUG\VCL50.LIB|ImgList ACBP=A9
 0003:00000034 00000004 C=BSS     S=_BSS     G=DGROUP   M=C:\PROGRAM FILES\BORLAND\CBUILDER5\LIB\DEBUG\VCL50.LIB|ActnList ACBP=A9
 0003:00000038 00000004 C=BSS     S=_BSS     G=DGROUP   M=C:\PROGRAM FILES\BORLAND\CBUILDER5\LIB\DEBUG\VCL50.LIB|ToolWin ACBP=A9
 0003:0000003C 00000004 C=BSS     S=_BSS     G=DGROUP   M=C:\PROGRAM FILES\BORLAND\CBUILDER5\LIB\DEBUG\VCL50.LIB|TypInfo ACBP=A9
 0003:00000040 00000004 C=BSS     S=_BSS     G=DGROUP   M=C:\PROGRAM FILES\BORLAND\CBUILDER5\LIB\DEBUG\VCL50.LIB|StdCtrls ACBP=A9
 0003:00000044 00000004 C=BSS     S=_BSS     G=DGROUP   M=C:\PROGRAM FILES\BORLAND\CBUILDER5\LIB\DEBUG\VCL50.LIB|Printers ACBP=A9
 0003:00000048 00000010 C=BSS     S=_BSS     G=DGROUP   M=C:\PROGRAM FILES\BORLAND\CBUILDER5\LIB\DEBUG\VCL50.LIB|Menus ACBP=A9
 0003:00000058 00000060 C=BSS     S=_BSS     G=DGROUP   M=C:\PROGRAM FILES\BORLAND\CBUILDER5\LIB\DEBUG\VCL50.LIB|Graphics ACBP=A9
 0003:000000B8 00000024 C=BSS     S=_BSS     G=DGROUP   M=C:\PROGRAM FILES\BORLAND\CBUILDER5\LIB\DEBUG\VCL50.LIB|Forms ACBP=A9
 0003:000000DC 00000004 C=BSS     S=_BSS     G=DGROUP   M=C:\PROGRAM FILES\BORLAND\CBUILDER5\LIB\DEBUG\VCL50.LIB|ExtCtrls ACBP=A9
 0003:000000E0 00000070 C=BSS     S=_BSS     G=DGROUP   M=C:\PROGRAM FILES\BORLAND\CBUILDER5\LIB\DEBUG\VCL50.LIB|Controls ACBP=A9
 0003:00000150 00000004 C=BSS     S=_BSS     G=DGROUP   M=C:\PROGRAM FILES\BORLAND\CBUILDER5\LIB\DEBUG\VCL50.LIB|Consts ACBP=A9
 0003:00000154 00000004 C=BSS     S=_BSS     G=DGROUP   M=C:\PROGRAM FILES\BORLAND\CBUILDER5\LIB\DEBUG\VCL50.LIB|ComStrs ACBP=A9
 0003:00000158 00000034 C=BSS     S=_BSS     G=DGROUP   M=C:\PROGRAM FILES\BORLAND\CBUILDER5\LIB\DEBUG\VCL50.LIB|ComCtrls ACBP=A9
 0003:0000018C 0000000C C=BSS     S=_BSS     G=DGROUP   M=C:\PROGRAM FILES\BORLAND\CBUILDER5\LIB\DEBUG\VCL50.LIB|ClipBrd ACBP=A9
 0003:00000198 0000003C C=BSS     S=_BSS     G=DGROUP   M=C:\PROGRAM FILES\BORLAND\CBUILDER5\LIB\DEBUG\VCL50.LIB|Classes ACBP=A9
 0003:000001D4 00000030 C=BSS     S=_BSS     G=DGROUP   M=C:\PROGRAM FILES\BORLAND\CBUILDER5\LIB\DEBUG\VCL50.LIB|Buttons ACBP=A9
 0003:00000204 00000031 C=BSS     S=_BSS     G=DGROUP   M=C:\PROGRAM FILES\BORLAND\CBUILDER5\LIB\DEBUG\VCL50.LIB|MultiMon ACBP=A9
 0003:00000238 00000034 C=BSS     S=_BSS     G=DGROUP   M=C:\PROGRAM FILES\BORLAND\CBUILDER5\LIB\DEBUG\VCL50.LIB|FlatSB ACBP=A9
 0003:0000026C 00000004 C=BSS     S=_BSS     G=DGROUP   M=C:\PROGRAM FILES\BORLAND\CBUILDER5\LIB\DEBUG\VCL50.LIB|Winspool ACBP=A9
 0003:00000270 00000004 C=BSS     S=_BSS     G=DGROUP   M=C:\PROGRAM FILES\BORLAND\CBUILDER5\LIB\DEBUG\VCL50.LIB|Windows ACBP=A9
 0003:00000274 00000004 C=BSS     S=_BSS     G=DGROUP   M=C:\PROGRAM FILES\BORLAND\CBUILDER5\LIB\DEBUG\VCL50.LIB|RichEdit ACBP=A9
 0003:00000278 00000004 C=BSS     S=_BSS     G=DGROUP   M=C:\PROGRAM FILES\BORLAND\CBUILDER5\LIB\DEBUG\VCL50.LIB|ActiveX ACBP=A9
 0003:0000027C 00000004 C=BSS     S=_BSS     G=DGROUP   M=C:\PROGRAM FILES\BORLAND\CBUILDER5\LIB\DEBUG\VCL50.LIB|Messages ACBP=A9
 0003:00000280 00000004 C=BSS     S=_BSS     G=DGROUP   M=C:\PROGRAM FILES\BORLAND\CBUILDER5\LIB\DEBUG\VCL50.LIB|Imm ACBP=A9
 0003:00000284 0000000C C=BSS     S=_BSS     G=DGROUP   M=C:\PROGRAM FILES\BORLAND\CBUILDER5\LIB\DEBUG\VCL50.LIB|CommCtrl ACBP=A9
 0003:00000290 00000004 C=BSS     S=_BSS     G=DGROUP   M=C:\PROGRAM FILES\BORLAND\CBUILDER5\LIB\DEBUG\VCL50.LIB|Math ACBP=A9
 0003:00000294 00000004 C=BSS     S=_BSS     G=DGROUP   M=C:\PROGRAM FILES\BORLAND\CBUILDER5\LIB\DEBUG\VCL50.LIB|SysConst ACBP=A9
 0003:00000298 0000011C C=BSS     S=_BSS     G=DGROUP   M=C:\PROGRAM FILES\BORLAND\CBUILDER5\LIB\DEBUG\VCL50.LIB|SysUtils ACBP=A9
 0003:000003B4 000004D4 C=BSS     S=_BSS     G=DGROUP   M=C:\PROGRAM FILES\BORLAND\CBUILDER5\LIB\DEBUG\VCL50.LIB|System ACBP=A9
 0003:00000888 00000008 C=BSS     S=_BSS     G=DGROUP   M=C:\PROGRAM FILES\BORLAND\CBUILDER5\LIB\CP32MT.LIB|setnew ACBP=A9
 0003:00000890 00000018 C=BSS     S=_BSS     G=DGROUP   M=C:\PROGRAM FILES\BORLAND\CBUILDER5\LIB\CP32MT.LIB|hrdir_b ACBP=A9
 0003:000008A8 00000001 C=BSS     S=_BSS     G=DGROUP   M=C:\PROGRAM FILES\BORLAND\CBUILDER5\LIB\CP32MT.LIB|need_vcl ACBP=A9
 0003:000008AC 0000002C C=BSS     S=_BSS     G=DGROUP   M=C:\PROGRAM FILES\BORLAND\CBUILDER5\LIB\CP32MT.LIB|predecl ACBP=A9
 0003:000008D8 0000001C C=BSS     S=_BSS     G=DGROUP   M=C:\PROGRAM FILES\BORLAND\CBUILDER5\LIB\CP32MT.LIB|stdexcpt ACBP=A9
 0003:000008F4 00000410 C=BSS     S=_BSS     G=DGROUP   M=C:\PROGRAM FILES\BORLAND\CBUILDER5\LIB\CP32MT.LIB|xxtype ACBP=A9
 0003:00000D04 00000008 C=BSS     S=_BSS     G=DGROUP   M=C:\PROGRAM FILES\BORLAND\CBUILDER5\LIB\CP32MT.LIB|xxv ACBP=A9
 0003:00000D0C 00000008 C=BSS     S=_BSS     G=DGROUP   M=C:\PROGRAM FILES\BORLAND\CBUILDER5\LIB\CP32MT.LIB|except ACBP=A9
 0003:00000D14 00000190 C=BSS     S=_BSS     G=DGROUP   M=C:\PROGRAM FILES\BORLAND\CBUILDER5\LIB\CP32MT.LIB|files2 ACBP=A9
 0003:00000EA4 00000008 C=BSS     S=_BSS     G=DGROUP   M=C:\PROGRAM FILES\BORLAND\CBUILDER5\LIB\CP32MT.LIB|handles ACBP=A9
 0003:00000EAC 00000008 C=BSS     S=_BSS     G=DGROUP   M=C:\PROGRAM FILES\BORLAND\CBUILDER5\LIB\CP32MT.LIB|streams ACBP=A9
 0003:00000EB4 00000108 C=BSS     S=_BSS     G=DGROUP   M=C:\PROGRAM FILES\BORLAND\CBUILDER5\LIB\CP32MT.LIB|mbctype ACBP=A9
 0003:00000FBC 00000100 C=BSS     S=_BSS     G=DGROUP   M=C:\PROGRAM FILES\BORLAND\CBUILDER5\LIB\CP32MT.LIB|assert ACBP=A9
 0003:000010BC 00000019 C=BSS     S=_BSS     G=DGROUP   M=C:\PROGRAM FILES\BORLAND\CBUILDER5\LIB\CP32MT.LIB|ermsghlp ACBP=A9
 0003:000010D8 0000000C C=BSS     S=_BSS     G=DGROUP   M=C:\PROGRAM FILES\BORLAND\CBUILDER5\LIB\CP32MT.LIB|setargv ACBP=A9
 0003:000010E4 00000004 C=BSS     S=_BSS     G=DGROUP   M=C:\PROGRAM FILES\BORLAND\CBUILDER5\LIB\CP32MT.LIB|hsargv ACBP=A9
 0003:000010E8 00000004 C=BSS     S=_BSS     G=DGROUP   M=C:\PROGRAM FILES\BORLAND\CBUILDER5\LIB\CP32MT.LIB|whsargv ACBP=A9
 0003:000010EC 00000010 C=BSS     S=_BSS     G=DGROUP   M=C:\PROGRAM FILES\BORLAND\CBUILDER5\LIB\CP32MT.LIB|setenvp ACBP=A9
 0003:000010FC 00000044 C=BSS     S=_BSS     G=DGROUP   M=C:\PROGRAM FILES\BORLAND\CBUILDER5\LIB\CP32MT.LIB|globals ACBP=A9
 0003:00001140 00000008 C=BSS     S=_BSS     G=DGROUP   M=C:\PROGRAM FILES\BORLAND\CBUILDER5\LIB\CP32MT.LIB|thrddata ACBP=A9
 0003:00001148 00003004 C=BSS     S=_BSS     G=DGROUP   M=C:\PROGRAM FILES\BORLAND\CBUILDER5\LIB\CP32MT.LIB|_lock ACBP=A9
 0003:0000414C 00000010 C=BSS     S=_BSS     G=DGROUP   M=C:\PROGRAM FILES\BORLAND\CBUILDER5\LIB\CP32MT.LIB|xx ACBP=A9
 0003:0000415C 00000004 C=BSS     S=_BSS     G=DGROUP   M=C:\PROGRAM FILES\BORLAND\CBUILDER5\LIB\EXERES.OBJ ACBP=A9
 0003:00004160 00000004 C=BSS     S=_BSS     G=DGROUP   M=C:\PROGRAM FILES\BORLAND\CBUILDER5\LIB\EXEINFO.OBJ ACBP=A9
 0003:00004164 00000004 C=BSS     S=_BSS     G=DGROUP   M=C:\PROGRAM FILES\BORLAND\CBUILDER5\LIB\FRAMEPAN.OBJ ACBP=A9
 0004:00000000 00000008 C=TLS     S=_TLS     G=DGROUP   M=C:\PROGRAM FILES\BORLAND\CBUILDER5\LIB\DEBUG\VCL50.LIB|Classes ACBP=A9
 0004:00000008 00000008 C=TLS     S=_TLS     G=DGROUP   M=C:\PROGRAM FILES\BORLAND\CBUILDER5\LIB\DEBUG\VCL50.LIB|System ACBP=A9
 0004:00000010 0000009C C=TLS     S=_TLS     G=DGROUP   M=C:\PROGRAM FILES\BORLAND\CBUILDER5\LIB\CP32MT.LIB|xxv ACBP=A9
 0004:000000AC 00000008 C=TLS     S=_TLS     G=DGROUP   M=C:\PROGRAM FILES\BORLAND\CBUILDER5\LIB\CP32MT.LIB|tls ACBP=A9

  Address         Publics by Name

 0003:00000278      Activex::B197_2
 0003:00000034      Actnlist::B44_2
 0001:00003968      Actnlist::C44_0
 0001:00003C80      Actnlist::TActionLink::
 0001:000039E0      Actnlist::TContainedAction::
 0001:00003B8C      Actnlist::TCustomAction::
 0001:00003AB4      Actnlist::TCustomActionList::
 0003:000001D4      Buttons::B166_2
 0001:000562C8      Buttons::TSpeedButton::
 0002:00001494      Buttons::_16396
 0001:0005680C      Buttons::_16400
 0001:000568A0      Buttons::_16401
 0001:000568C4      Buttons::_16402
 0001:0005691C      Buttons::_16404
 0001:00056978      Buttons::_16406
 0001:000569D8      Buttons::_16407
 0001:00056A14      Buttons::_16408
 0001:00056A70      Buttons::_16409
 0001:00056AAC      Buttons::_16410
 0001:00056AE4      Buttons::_16411
 0001:00056B38      Buttons::_16412
 0001:00056B74      Buttons::_16413
 0001:00056BF0      Buttons::_16414
 0001:00056C28      Buttons::_16415
 0002:000014C0      Buttons::_16416
 0002:000014C4      Buttons::_16417
 0001:00056C48      Buttons::_16418
 0001:00056CF8      Buttons::_16419
 0001:00056D64      Buttons::_16420
 0001:00056DCC      Buttons::_16421
 0001:00056E18      Buttons::_16422
 0001:00056EB0      Buttons::_16423
 0001:00056EF0      Buttons::_16424
 0001:00057534      Buttons::_16425
 0001:00057614      Buttons::_16426
 0001:00057710      Buttons::_16427
 0001:00057A78      Buttons::_16428
 0002:000014C8      Buttons::_16431
 0002:000014D0      Buttons::_16432
 0002:000014D8      Buttons::_16456
 0001:0005882C      Buttons::_16465
 0001:0005895C      Buttons::_16495
 0001:00058984      Buttons::_16496
 0003:00000198      Classes::B163_2
 0001:0004C83C      Classes::C163_0
 0002:00001434      Classes::CreateVCLComObjectProc
 0002:00001428      Classes::D163_1
 0001:0004CE14      Classes::EBitsError::
 0001:0004CD04      Classes::EClassNotFound::
 0001:0004CECC      Classes::EComponentError::
 0001:0004CB48      Classes::EFCreateError::
 0001:0004CBA4      Classes::EFOpenError::
 0001:0004CBFC      Classes::EFilerError::
 0001:0004CF84      Classes::EInvalidOperation::
 0001:0004CDBC      Classes::EListError::
 0001:0004CF28      Classes::EOutOfResources::
 0001:0004CC54      Classes::EReadError::
 0001:0004CD60      Classes::EResNotFound::
 0001:0004CAEC      Classes::EStreamError::
 0001:0004CE6C      Classes::EStringListError::
 0001:0004CCAC      Classes::EWriteError::
 0003:0000019C      Classes::FindGlobalComponent
 0003:00000198      Classes::GlobalNameSpace
 0002:00001428      Classes::RegisterComponentsProc
 0002:0000142C      Classes::RegisterNoIconProc
 0002:00001430      Classes::RegisterNonActiveXProc
 0004:00000000      Classes::T163_3
 0001:0004DC24      Classes::TBasicAction::
 0001:0004DBA4      Classes::TBasicActionLink::
 0001:0004D0A0      Classes::TBits::
 0001:0004D1F0      Classes::TCollection::
 0001:0004D168      Classes::TCollectionItem::
 0001:0004DA48      Classes::TComponent::
 0001:0004D624      Classes::TCustomMemoryStream::
 0001:0004D5BC      Classes::TFileStream::
 0001:0004D90C      Classes::TFiler::
 0001:0004D550      Classes::THandleStream::
 0001:0004CFE4      Classes::TList::
 0001:0004D694      Classes::TMemoryStream::
 0001:0004D0F4      Classes::TPersistent::
 0001:0004D970      Classes::TReader::
 0001:0004D704      Classes::TResourceStream::
 0001:0004D4EC      Classes::TStream::
 0001:0004D884      Classes::TStreamAdapter::
 0001:0004D3E8      Classes::TStringList::
 0001:0004D2EC      Classes::TStrings::
 0001:0004D048      Classes::TThreadList::
 0001:0004D770      Classes::_16475
 0002:00001438      Classes::_16527
 0001:0004DD94      Classes::_16532
 0001:0004DDA0      Classes::_16533
 0001:0004DEFC      Classes::_16536
 0001:0004E26C      Classes::_16546
 0001:0004E2C4      Classes::_16548
 0001:0004E4A8      Classes::_16554
 0001:0004E670      Classes::_16558
 0001:0004E920      Classes::_16573
 0001:0004F028      Classes::_16621
 0001:0004F0A0      Classes::_16624
 0001:0004FC60      Classes::_16663
 0001:0004FD14      Classes::_16665
 0001:00050054      Classes::_16681
 0001:000501D8      Classes::_16685
 0001:000513F0      Classes::_16739
 0001:00051C24      Classes::_16787
 0001:00051E50      Classes::_16794
 0001:00051EC4      Classes::_16796
 0001:00051F38      Classes::_16797
 0001:000520AC      Classes::_16799
 0001:000520E8      Classes::_16800
 0001:0005248C      Classes::_16808
 0001:000524AC      Classes::_16809
 0001:000524BC      Classes::_16810
 0001:000524CC      Classes::_16811
 0001:0005276C      Classes::_16821
 0001:00052C40      Classes::_16834
 0001:00052C68      Classes::_16835
 0001:00052CD4      Classes::_16836
 0001:00052DE8      Classes::_16837
 0001:00052E88      Classes::_16838
 0001:000535C0      Classes::_16852
 0001:000536C0      Classes::_16853
 0002:0000143C      Classes::_16855
 0001:000538DC      Classes::_16856
 0001:00053928      Classes::_16857
 0002:00001444      Classes::_16858
 0001:00053970      Classes::_16859
 0001:00053E10      Classes::_16861
 0001:000543BC      Classes::_16872
 0001:000543E8      Classes::_16873
 0001:00054448      Classes::_16874
 0001:00054470      Classes::_16875
 0001:00054AEC      Classes::_16992
 0001:00056098      Classes::_17106
 0001:00056114      Classes::_17107
 0003:0000018C      Clipbrd::B162_1
 0003:0000018E      Clipbrd::CF_COMPONENT
 0003:0000018C      Clipbrd::CF_PICTURE
 0002:000013A0      ComCtrls::_16603
 0001:00043780      ComCtrls::_16604
 0002:000013AC      ComCtrls::_16605
 0001:0004378C      ComCtrls::_16606
 0002:000013B8      ComCtrls::_16755
 0002:000013C0      ComCtrls::_16763
 0001:00044B2C      ComCtrls::_16847
 0001:00044BA0      ComCtrls::_16848
 0002:000013C8      ComCtrls::_17055
 0002:000013D0      ComCtrls::_17056
 0002:000013DC      ComCtrls::_17057
 0002:000013E8      ComCtrls::_17556
 0002:000013F8      ComCtrls::_17557
 0002:00001404      ComCtrls::_17565
 0002:0000140C      ComCtrls::_17590
 0002:00001414      ComCtrls::_17591
 0002:0000141C      ComCtrls::_17592
 0001:00047FB0      ComCtrls::_17595
 0001:0004911C      ComCtrls::_17621
 0001:0004A10C      ComCtrls::_17658
 0001:0004A35C      ComCtrls::_17659
 0001:0004A5B8      ComCtrls::_17660
 0001:0004A6D4      ComCtrls::_17661
 0001:0004B2A8      ComCtrls::_17676
 0001:0004B364      ComCtrls::_17677
 0002:00001424      ComCtrls::_17685
 0001:0004B8F4      ComCtrls::_17688
 0001:0004B9D0      ComCtrls::_17689
 0001:0004BCFC      ComCtrls::_17690
 0001:0004BD38      ComCtrls::_17691
 0001:0004BD78      ComCtrls::_17692
 0001:0004BE18      ComCtrls::_17693
 0001:0004BE40      ComCtrls::_17694
 0001:0004C248      ComCtrls::_17697
 0003:00000158      Comctrls::B155_2
 0001:00040DE4      Comctrls::C155_0
 0001:000420A0      Comctrls::ETreeViewError::
 0001:000422CC      Comctrls::TConversion::
 0001:0004235C      Comctrls::TIconOptions::
 0001:000418E4      Comctrls::TStatusBar::
 0001:0004164C      Comctrls::TStatusPanel::
 0001:000417EC      Comctrls::TStatusPanels::
 0001:00042CE4      Comctrls::TToolBar::
 0001:000424E8      Comctrls::TToolButton::
 0001:00042420      Comctrls::TToolButtonActionLink::
 0001:000421AC      Comctrls::TTrackBar::
 0001:00042028      Comctrls::TTreeNode::
 0003:00000284      Commctrl::B218_1
 0001:00059A54      Commctrl::_16385
 0003:00000154      Comstrs::B153_1
 0001:FFC0EF90      Comstrs::_16406
 0001:00040DA4      Comstrs::_sInsertError
 0003:00000150      Consts::B151_1
 0001:FFC0EFF0      Consts::_16388
 0001:FFC0EFF1      Consts::_16390
 0001:FFC0EFF2      Consts::_16392
 0001:FFC0EFF3      Consts::_16394
 0001:FFC0EFF4      Consts::_16396
 0001:FFC0EFF5      Consts::_16398
 0001:FFC0EFF6      Consts::_16400
 0001:FFC0EFF7      Consts::_16404
 0001:FFC0EFF8      Consts::_16406
 0001:FFC0EFF9      Consts::_16408
 0001:FFC0EFFA      Consts::_16412
 0001:FFC0EFFB      Consts::_16414
 0001:FFC0EFFC      Consts::_16416
 0001:FFC0EFFD      Consts::_16418
 0001:FFC0EFFE      Consts::_16420
 0001:FFC0EFFF      Consts::_16428
 0001:FFC0EFE0      Consts::_16430
 0001:FFC0EFE1      Consts::_16432
 0001:FFC0EFE2      Consts::_16440
 0001:FFC0EFE3      Consts::_16442
 0001:FFC0EFE4      Consts::_16448
 0001:FFC0EFE5      Consts::_16450
 0001:FFC0EFE6      Consts::_16452
 0001:FFC0EFE7      Consts::_16454
 0001:FFC0EFE8      Consts::_16456
 0001:FFC0EFE9      Consts::_16458
 0001:FFC0EFEA      Consts::_16460
 0001:FFC0EFEB      Consts::_16468
 0001:FFC0EFEC      Consts::_16474
 0001:FFC0EFED      Consts::_16476
 0001:FFC0EFEE      Consts::_16478
 0001:FFC0EFEF      Consts::_16480
 0001:FFC0EFD0      Consts::_16486
 0001:FFC0EFD1      Consts::_16488
 0001:FFC0EFD2      Consts::_16490
 0001:FFC0EFD3      Consts::_16492
 0001:FFC0EFD4      Consts::_16494
 0001:FFC0EFD5      Consts::_16496
 0001:FFC0EFD6      Consts::_16500
 0001:FFC0EFD7      Consts::_16504
 0001:FFC0EFD8      Consts::_16506
 0001:FFC0EFD9      Consts::_16508
 0001:FFC0EFDA      Consts::_16510
 0001:FFC0EFDB      Consts::_16512
 0001:FFC0EFDC      Consts::_16516
 0001:FFC0EFDD      Consts::_16518
 0001:FFC0EFDE      Consts::_16520
 0001:FFC0EFDF      Consts::_16522
 0001:FFC0EFC0      Consts::_16524
 0001:FFC0EFC1      Consts::_16536
 0001:FFC0EFC2      Consts::_16540
 0001:FFC0EFC3      Consts::_16542
 0001:FFC0EFC4      Consts::_16546
 0001:FFC0EFC5      Consts::_16548
 0001:FFC0EFC6      Consts::_16550
 0001:FFC0EFC7      Consts::_16552
 0001:FFC0EFC8      Consts::_16554
 0001:FFC0EFC9      Consts::_16556
 0001:FFC0EFCA      Consts::_16558
 0001:FFC0EFCB      Consts::_16560
 0001:FFC0EFCC      Consts::_16562
 0001:FFC0EFCD      Consts::_16564
 0001:FFC0EFCE      Consts::_16566
 0001:FFC0EFCF      Consts::_16568
 0001:FFC0EFB0      Consts::_16592
 0001:FFC0EFB1      Consts::_16594
 0001:FFC0EFB2      Consts::_16596
 0001:FFC0EFB3      Consts::_16598
 0001:FFC0EFB4      Consts::_16628
 0001:FFC0EFB5      Consts::_16688
 0001:FFC0EFB6      Consts::_16690
 0001:FFC0EFB7      Consts::_16692
 0001:FFC0EFB8      Consts::_16694
 0001:FFC0EFB9      Consts::_16696
 0001:FFC0EFBA      Consts::_16698
 0001:FFC0EFBB      Consts::_16700
 0001:FFC0EFBC      Consts::_16702
 0001:FFC0EFBD      Consts::_16704
 0001:FFC0EFBE      Consts::_16706
 0001:FFC0EFBF      Consts::_16708
 0001:FFC0EFA0      Consts::_16710
 0001:FFC0EFA1      Consts::_16712
 0001:FFC0EFA2      Consts::_16714
 0001:FFC0EFA3      Consts::_16716
 0001:FFC0EFA4      Consts::_16718
 0001:FFC0EFA5      Consts::_16720
 0001:FFC0EFA6      Consts::_16722
 0001:FFC0EFA7      Consts::_16774
 0001:FFC0EFA8      Consts::_16780
 0001:FFC0EFA9      Consts::_16790
 0001:FFC0EFAA      Consts::_16804
 0001:FFC0EFAB      Consts::_16912
 0001:FFC0EFAC      Consts::_16914
 0001:FFC0EFAD      Consts::_16916
 0001:FFC0EFAE      Consts::_16918
 0001:FFC0EFAF      Consts::_16922
 0001:00040C54      Consts::_SAbortButton
 0001:00040C5C      Consts::_SAllButton
 0001:00040B24      Consts::_SAncestorNotFound
 0001:00040A6C      Consts::_SAssignError
 0001:00040D34      Consts::_SBitsIndexError
 0001:00040C1C      Consts::_SCancelButton
 0001:00040C64      Consts::_SCannotDragForm
 0001:00040BA4      Consts::_SCannotFocus
 0001:00040BC4      Consts::_SCannotShowModal
 0001:00040A9C      Consts::_SCantWriteResourceStreamError
 0001:00040B44      Consts::_SChangeIconSize
 0001:00040AA4      Consts::_SClassNotFound
 0001:00040C3C      Consts::_SCloseButton
 0001:00040C0C      Consts::_SControlParentSetToSelf
 0001:00040D4C      Consts::_SDockTreeRemoveError
 0001:00040D5C      Consts::_SDockZoneHasNoCtl
 0001:00040D54      Consts::_SDockZoneNotFound
 0001:00040D44      Consts::_SDockedCtlNeedsName
 0001:00040AF4      Consts::_SDuplicateClass
 0001:00040D64      Consts::_SDuplicateItem
 0001:00040D3C      Consts::_SDuplicateMenus
 0001:00040AE4      Consts::_SDuplicateName
 0001:00040ADC      Consts::_SDuplicateString
 0001:00040A74      Consts::_SFCreateError
 0001:00040A7C      Consts::_SFOpenError
 0001:00040BF4      Consts::_SGroupIndexTooLow
 0001:00040C34      Consts::_SHelpButton
 0001:00040D24      Consts::_SIconToClipboard
 0001:00040C44      Consts::_SIgnoreButton
 0001:00040B7C      Consts::_SImageIndexError
 0001:00040B84      Consts::_SImageReadFail
 0001:00040B8C      Consts::_SImageWriteFail
 0001:00040B2C      Consts::_SInvalidBitmap
 0001:00040B34      Consts::_SInvalidIcon
 0001:00040AAC      Consts::_SInvalidImage
 0001:00040B6C      Consts::_SInvalidImageList
 0001:00040B64      Consts::_SInvalidImageSize
 0001:00040D2C      Consts::_SInvalidMemoSize
 0001:00040B3C      Consts::_SInvalidMetafile
 0001:00040AEC      Consts::_SInvalidName
 0001:00040C8C      Consts::_SInvalidProperty
 0001:00040B04      Consts::_SInvalidPropertyPath
 0001:00040AFC      Consts::_SInvalidPropertyValue
 0001:00040AC4      Consts::_SListCapacityError
 0001:00040ACC      Consts::_SListCountError
 0001:00040ABC      Consts::_SListIndexError
 0001:00040BB4      Consts::_SMDIChildNotVisible
 0001:00040A94      Consts::_SMemoryStreamError
 0001:00040BD4      Consts::_SMenuIndexError
 0001:00040BE4      Consts::_SMenuNotFound
 0001:00040BDC      Consts::_SMenuReinserted
 0001:00040C2C      Consts::_SNoButton
 0001:00040B5C      Consts::_SNoCanvasHandle
 0001:00040BFC      Consts::_SNoMDIForm
 0001:00040BEC      Consts::_SNoTimers
 0001:00040C14      Consts::_SOKButton
 0001:00040B54      Consts::_SOutOfResources
 0001:00040BAC      Consts::_SParentRequired
 0001:00040B1C      Consts::_SPropertyException
 0001:00040BCC      Consts::_SPropertyOutOfRange
 0001:00040A84      Consts::_SReadError
 0001:00040B14      Consts::_SReadOnlyProperty
 0001:00040C04      Consts::_SRegisterError
 0001:00040B74      Consts::_SReplaceImage
 0001:00040AB4      Consts::_SResNotFound
 0001:00040C4C      Consts::_SRetryButton
 0001:00040AD4      Consts::_SSortedListError
 0001:00040B4C      Consts::_SUnknownClipboardFormat
 0001:00040B0C      Consts::_SUnknownProperty
 0001:00040C84      Consts::_SVBitmaps
 0001:00040C74      Consts::_SVEnhMetafiles
 0001:00040C7C      Consts::_SVIcons
 0001:00040C6C      Consts::_SVMetafiles
 0001:00040BBC      Consts::_SVisibleChanged
 0001:00040B9C      Consts::_SWindowClass
 0001:00040B94      Consts::_SWindowDCError
 0001:00040A8C      Consts::_SWriteError
 0001:00040C24      Consts::_SYesButton
 0001:00040D1C      Consts::_SmkcAlt
 0001:00040C94      Consts::_SmkcBkSp
 0001:00040D14      Consts::_SmkcCtrl
 0001:00040D04      Consts::_SmkcDel
 0001:00040CF4      Consts::_SmkcDown
 0001:00040CCC      Consts::_SmkcEnd
 0001:00040CAC      Consts::_SmkcEnter
 0001:00040CA4      Consts::_SmkcEsc
 0001:00040CD4      Consts::_SmkcHome
 0001:00040CFC      Consts::_SmkcIns
 0001:00040CDC      Consts::_SmkcLeft
 0001:00040CC4      Consts::_SmkcPgDn
 0001:00040CBC      Consts::_SmkcPgUp
 0001:00040CEC      Consts::_SmkcRight
 0001:00040D0C      Consts::_SmkcShift
 0001:00040CB4      Consts::_SmkcSpace
 0001:00040C9C      Consts::_SmkcTab
 0001:00040CE4      Consts::_SmkcUp
 0003:00000024      Contnrs::B30_1
 0001:000017D8      Contnrs::TOrderedList::
 0001:00001840      Contnrs::TStack::
 0002:0000127C      Controls::AnchorAlign
 0003:000000E0      Controls::B149_2
 0001:0002D3BC      Controls::C149_0
 0002:00001274      Controls::CreationControl
 0002:00001278      Controls::DefaultDockTreeClass
 0003:000000E0      Controls::Mouse
 0003:000000E4      Controls::NewStyleControls
 0001:0002D6CC      Controls::TBaseDragControlObject::
 0001:0002E440      Controls::TControl::
 0001:0002D914      Controls::TControlActionLink::
 0001:0002D874      Controls::TControlCanvas::
 0001:0002EDF0      Controls::TCustomControl::
 0001:0002F494      Controls::TDockTree::
 0001:0002F348      Controls::TDockZone::
 0001:0002D758      Controls::TDragControlObject::
 0001:0002D7E0      Controls::TDragDockObject::
 0001:0002F06C      Controls::TDragImageList::
 0001:0002D654      Controls::TDragObject::
 0001:0002ECD8      Controls::TGraphicControl::
 0001:0002EF38      Controls::THintWindow::
 0001:0002F130      Controls::TImageList::
 0001:0002F518      Controls::TMouse::
 0001:0002DCC0      Controls::TSizeConstraints::
 0001:0002E8D4      Controls::TWinControl::
 0001:0002E6C8      Controls::TWinControlActionLink::
 0001:0002F3A0      Controls::_16462
 0002:00001284      Controls::_16475
 0001:0002F6C4      Controls::_16476
 0002:00001334      Controls::_16484
 0001:0002F9EC      Controls::_16487
 0001:0002FA54      Controls::_16489
 0001:0002FAA8      Controls::_16490
 0001:0002FAE8      Controls::_16491
 0001:0002FB4C      Controls::_16492
 0001:0002FB94      Controls::_16493
 0001:000301B8      Controls::_16519
 0001:0003031C      Controls::_16525
 0001:000303B0      Controls::_16526
 0001:00030574      Controls::_16527
 0001:000305C0      Controls::_16528
 0001:0003071C      Controls::_16529
 0001:0003078C      Controls::_16530
 0001:000307F4      Controls::_16531
 0001:00030828      Controls::_16532
 0001:0003086C      Controls::_16533
 0001:000308D8      Controls::_16534
 0001:00030928      Controls::_16535
 0001:000309F8      Controls::_16536
 0001:00030D28      Controls::_16537
 0001:00030ED0      Controls::_16538
 0001:000310B8      Controls::_16539
 0001:00031138      Controls::_16540
 0001:00031484      Controls::_16544
 0001:000314BC      Controls::_16545
 0001:00031534      Controls::_16547
 0001:000315F0      Controls::_16548
 0001:00033828      Controls::_16650
 0001:00034B44      Controls::_16698
 0001:0003564C      Controls::_16737
 0001:00035AF8      Controls::_16749
 0001:00036394      Controls::_16770
 0001:00036428      Controls::_16771
 0001:000367F0      Controls::_16773
 0001:00036974      Controls::_16774
 0001:00037BB8      Controls::_16808
 0001:00038190      Controls::_16813
 0001:00039C34      Controls::_16880
 0002:00001338      Controls::_16902
 0002:0000133C      Controls::_16931
 0001:0003B908      Controls::_16968
 0002:00001340      Controls::_16981
 0002:00001350      Controls::_16982
 0002:00001360      Controls::_16983
 0002:00001370      Controls::_16984
 0001:0003CC04      Controls::_17003
 0001:0003D698      Controls::_17030
 0001:0003DA98      Controls::_17037
 0001:0003DB3C      Controls::_17039
 0002:00001378      Controls::_17043
 0002:00001380      Controls::_17044
 0001:0003E288      Controls::_17048
 0001:0003E4EC      Controls::_17049
 0002:00001388      Controls::_17051
 0001:0003E640      Controls::_17052
 0001:0003E8EC      Controls::_17054
 0001:0003E944      Controls::_17055
 0001:0003EE24      Controls::_17059
 0001:0003F434      Controls::_17065
 0001:0003F4AC      Controls::_17066
 0001:0003F6E8      Controls::_17068
 0001:0003FAB4      Controls::_17077
 0001:0003FAE0      Controls::_17078
 0001:0003FBE0      Controls::_17080
 0001:0003FCF8      Controls::_17082
 0002:0000138C      Controls::_17083
 0002:00001394      Controls::_17095
 0001:000404B0      Controls::_17096
 0002:00001398      Controls::_17098
 0001:0004087C      Controls::_17111
 0001:000408F0      Controls::_17112
 0003:00004160      Exeinfo::B22_3
 0002:00004BD8      Exeinfo::D22_1
 0003:0000415C      Exeres::B20_3
 0002:00004A38      Exeres::D20_1
 0001:0002BD44      ExtCtrls::_16428
 0001:0002C65C      ExtCtrls::_16457
 0001:0002C778      ExtCtrls::_16458
 0002:00001260      ExtCtrls::_16469
 0002:00001268      ExtCtrls::_16476
 0001:0002CE5C      ExtCtrls::_16477
 0003:000000DC      Extctrls::B145_2
 0001:0002B0EC      Extctrls::TBevel::
 0001:0002B300      Extctrls::TCustomPanel::
 0001:0002AB00      Extctrls::TImage::
 0001:0002B468      Extctrls::TPanel::
 0001:00059358      FlatSB::_16389
 0003:00000238      Flatsb::B174_1
 0003:00000238      Flatsb::FlatSB_EnableScrollBar
 0003:00000244      Flatsb::FlatSB_GetScrollInfo
 0003:00000248      Flatsb::FlatSB_GetScrollPos
 0003:00000240      Flatsb::FlatSB_GetScrollRange
 0003:00000250      Flatsb::FlatSB_SetScrollInfo
 0003:0000024C      Flatsb::FlatSB_SetScrollPos
 0003:00000254      Flatsb::FlatSB_SetScrollRange
 0003:0000023C      Flatsb::FlatSB_ShowScrollBar
 0003:000000B8      Forms::Application
 0003:000000B8      Forms::B129_2
 0001:0001B78C      Forms::C129_0
 0002:00001124      Forms::HintWindowClass
 0003:000000BC      Forms::Screen
 0001:0001E414      Forms::TApplication::
 0001:0001C400      Forms::TControlScrollBar::
 0001:0001E140      Forms::TCustomDockForm::
 0001:0001DD4C      Forms::TCustomForm::
 0001:0001D128      Forms::TCustomFrame::
 0001:0001E00C      Forms::TForm::
 0001:0001D24C      Forms::TFrame::
 0001:0001E304      Forms::TMonitor::
 0001:0001E35C      Forms::TScreen::
 0001:0001C8DC      Forms::TScrollBox::
 0001:0001C694      Forms::TScrollingWinControl::
 0002:00001128      Forms::_16438
 0002:0000112C      Forms::_16439
 0001:0001E4F4      Forms::_16440
 0002:00001130      Forms::_16441
 0002:00001134      Forms::_16442
 0002:00001138      Forms::_16443
 0002:0000113C      Forms::_16444
 0001:0001E560      Forms::_16445
 0001:0001E59C      Forms::_16446
 0001:0001E718      Forms::_16449
 0001:0001E790      Forms::_16450
 0001:0001E7E4      Forms::_16451
 0001:0001E820      Forms::_16452
 0001:0001E880      Forms::_16454
 0001:0001E92C      Forms::_16460
 0001:0001E94C      Forms::_16461
 0002:00001140      Forms::_16462
 0002:00001144      Forms::_16465
 0001:0001EA74      Forms::_16466
 0001:0001EF50      Forms::_16479
 0001:0001EFD4      Forms::_16480
 0001:0001F15C      Forms::_16483
 0001:0001F1A0      Forms::_16484
 0001:0001F2D8      Forms::_16488
 0002:0000116C      Forms::_16490
 0002:00001174      Forms::_16495
 0002:0000117C      Forms::_16503
 0002:000011A4      Forms::_16505
 0001:0001FA14      Forms::_16506
 0002:000011B0      Forms::_16533
 0001:00020B18      Forms::_16544
 0001:00022218      Forms::_16590
 0001:00022264      Forms::_16591
 0001:000227E0      Forms::_16604
 0002:000011B8      Forms::_16625
 0001:00024170      Forms::_16642
 0001:00024594      Forms::_16653
 0002:000011C4      Forms::_16667
 0001:00024D70      Forms::_16672
 0002:000011D0      Forms::_16679
 0001:00025E30      Forms::_16696
 0001:00025FA4      Forms::_16701
 0001:00025FE0      Forms::_16702
 0001:000260D4      Forms::_16704
 0001:00026110      Forms::_16705
 0001:00026204      Forms::_16707
 0002:000011DC      Forms::_16774
 0001:00027500      Forms::_16794
 0001:00027594      Forms::_16795
 0001:00027794      Forms::_16796
 0001:00027910      Forms::_16797
 0001:00027AAC      Forms::_16802
 0001:00027AF4      Forms::_16803
 0001:00027B3C      Forms::_16804
 0001:00027B90      Forms::_16805
 0001:00027BF0      Forms::_16806
 0001:00027C34      Forms::_16807
 0001:00027CB0      Forms::_16808
 0001:00027D0C      Forms::_16809
 0001:00027D44      Forms::_16810
 0001:00027D74      Forms::_16811
 0002:00001230      Forms::_16812
 0001:00027DB4      Forms::_16813
 0001:00028348      Forms::_16818
 0001:00028610      Forms::_16828
 0001:0002864C      Forms::_16829
 0002:00001258      Forms::_16870
 0002:0000125C      Forms::_16871
 0001:0002A014      Forms::_16872
 0001:0002A38C      Forms::_16880
 0001:0002A3A0      Forms::_16881
 0001:0002A524      Forms::_16882
 0001:0002AA7C      Forms::_16890
 0003:00004164      Framepan::B24_3
 0002:000054D8      Framepan::D24_1
 0003:00000058      Graphics::B128_2
 0001:00011478      Graphics::C128_0
 0002:00000E9C      Graphics::DDBsOnly
 0002:00000E70      Graphics::DefFontData
 0001:0001163C      Graphics::EInvalidGraphic::
 0001:00011698      Graphics::EInvalidGraphicOperation::
 0003:00000058      Graphics::SystemPalette16
 0001:0001214C      Graphics::TBitmap::
 0001:000120EC      Graphics::TBitmapImage::
 0001:00011B78      Graphics::TBrush::
 0001:00011C3C      Graphics::TCanvas::
 0001:000118FC      Graphics::TFont::
 0001:00011DC4      Graphics::TGraphic::
 0001:00011828      Graphics::TGraphicsObject::
 0001:0001228C      Graphics::TIcon::
 0001:00012230      Graphics::TIconImage::
 0001:00012010      Graphics::TMetafile::
 0001:00011FB0      Graphics::TMetafileImage::
 0001:00011A78      Graphics::TPen::
 0001:00011EA8      Graphics::TPicture::
 0001:00011F50      Graphics::TSharedImage::
 0001:00012360      Graphics::_16449
 0001:00012384      Graphics::_16450
 0001:000123E4      Graphics::_16452
 0001:000123F8      Graphics::_16453
 0001:0001244C      Graphics::_16454
 0001:0001247C      Graphics::_16455
 0001:00012494      Graphics::_16456
 0001:000124AC      Graphics::_16457
 0001:000125B0      Graphics::_16458
 0001:0001267C      Graphics::_16459
 0001:00012700      Graphics::_16460
 0001:00012780      Graphics::_16461
 0002:00000EA0      Graphics::_16464
 0001:000128C8      Graphics::_16465
 0002:00000FF0      Graphics::_16476
 0001:00012D04      Graphics::_16477
 0001:00012F08      Graphics::_16481
 0002:00001080      Graphics::_16503
 0002:00001090      Graphics::_16511
 0002:000010A0      Graphics::_16519
 0002:000010B0      Graphics::_16584
 0001:00014864      Graphics::_16590
 0001:00014884      Graphics::_16591
 0001:000148A4      Graphics::_16592
 0001:000148B0      Graphics::_16593
 0001:000148BC      Graphics::_16594
 0001:000148C8      Graphics::_16595
 0001:0001491C      Graphics::_16596
 0001:000149C8      Graphics::_16597
 0001:000149EC      Graphics::_16598
 0001:00014B58      Graphics::_16599
 0001:00014EA0      Graphics::_16602
 0001:00014F14      Graphics::_16603
 0001:00014FC0      Graphics::_16604
 0001:00015018      Graphics::_16605
 0001:00015144      Graphics::_16606
 0001:000151EC      Graphics::_16607
 0001:000152CC      Graphics::_16608
 0001:00015334      Graphics::_16609
 0001:000154F8      Graphics::_16610
 0001:00015520      Graphics::_16611
 0001:000155CC      Graphics::_16612
 0001:00015918      Graphics::_16613
 0001:00015958      Graphics::_16614
 0001:00015A8C      Graphics::_16615
 0001:00015B28      Graphics::_16617
 0001:00015C18      Graphics::_16619
 0001:00015C1C      Graphics::_16620
 0001:00015C34      Graphics::_16621
 0001:00015EC4      Graphics::_16624
 0001:00016268      Graphics::_16637
 0001:00016294      Graphics::_16638
 0001:00016304      Graphics::_16640
 0001:00016440      Graphics::_16641
 0001:000164A8      Graphics::_16642
 0001:0001654C      Graphics::_16644
 0001:000165E8      Graphics::_16647
 0001:00016648      Graphics::_16649
 0001:000166DC      Graphics::_16650
 0001:00016718      Graphics::_16651
 0002:000010D0      Graphics::_16654
 0002:000010D4      Graphics::_16655
 0001:00016788      Graphics::_16656
 0001:000167B4      Graphics::_16657
 0001:00016BFC      Graphics::_16683
 0002:000010D8      Graphics::_16729
 0001:00017D04      Graphics::_16730
 0001:00017D78      Graphics::_16731
 0001:00017E4C      Graphics::_16733
 0001:00017EE8      Graphics::_16734
 0001:00017F38      Graphics::_16735
 0001:00017F74      Graphics::_16736
 0001:00018024      Graphics::_16737
 0001:0001826C      Graphics::_16748
 0001:0001833C      Graphics::_16749
 0001:000183AC      Graphics::_16750
 0001:00018A8C      Graphics::_16752
 0002:000010DC      Graphics::_16786
 0002:000010E0      Graphics::_16801
 0002:000010E4      Graphics::_16834
 0001:0001B0E8      Graphics::_16835
 0001:0001B180      Graphics::_16837
 0001:0001B1FC      Graphics::_16838
 0001:0001B258      Graphics::_16840
 0001:0001B29C      Graphics::_16841
 0001:0001B2D4      Graphics::_16842
 0001:0001B2EC      Graphics::_16843
 0001:0001B304      Graphics::_16844
 0001:0001B3D0      Graphics::_16845
 0001:0001B4F0      Graphics::_16846
 0001:00001D84      ImgList::_16396
 0001:00001DC0      ImgList::_16397
 0002:00000CB0      ImgList::_16413
 0002:00000CB8      ImgList::_16433
 0002:00000CC8      ImgList::_16434
 0001:00003228      ImgList::_16461
 0001:00003374      ImgList::_16463
 0003:00000030      Imglist::B42_2
 0001:00001BC0      Imglist::TChangeLink::
 0001:00001CB4      Imglist::TCustomImageList::
 0003:00000280      Imm::B211_1
 0003:00000290      Math::B219_2
 0003:00000048      Menus::B119_2
 0001:00009F84      Menus::EMenuError::
 0003:00000048      Menus::PopupList
 0003:0000004C      Menus::ShortCutItems
 0001:0000A794      Menus::TMainMenu::
 0001:0000A6A0      Menus::TMenu::
 0001:0000A1E8      Menus::TMenuActionLink::
 0001:0000A2A4      Menus::TMenuItem::
 0001:0000AD7C      Menus::TMenuItemStack::
 0001:0000AD10      Menus::TPopupList::
 0001:0000AA6C      Menus::TPopupMenu::
 0002:00000D84      Menus::ValidMenuHotkeys
 0001:0000ADE4      Menus::_16412
 0002:00000D88      Menus::_16413
 0002:00000D8C      Menus::_16414
 0002:00000D90      Menus::_16415
 0002:00000D94      Menus::_16416
 0001:0000AE14      Menus::_16417
 0001:0000AE58      Menus::_16418
 0001:0000AE64      Menus::_16419
 0002:00000D98      Menus::_16424
 0001:0000AEDC      Menus::_16425
 0001:0000B15C      Menus::_16427
 0001:0000B2EC      Menus::_16429
 0001:0000B318      Menus::_16430
 0001:0000B384      Menus::_16431
 0002:00000DE0      Menus::_16453
 0002:00000DE8      Menus::_16454
 0002:00000DF0      Menus::_16455
 0002:00000DFC      Menus::_16456
 0002:00000E04      Menus::_16457
 0002:00000E10      Menus::_16458
 0002:00000E18      Menus::_16459
 0002:00000E20      Menus::_16460
 0002:00000E28      Menus::_16461
 0002:00000E30      Menus::_16462
 0002:00000E38      Menus::_16463
 0002:00000E40      Menus::_16464
 0001:0000BD34      Menus::_16466
 0002:00000E48      Menus::_16477
 0002:00000E50      Menus::_16478
 0001:0000C350      Menus::_16479
 0001:0000CBD8      Menus::_16480
 0002:00000E58      Menus::_16483
 0001:0000D608      Menus::_16484
 0001:0000E8C0      Menus::_16537
 0001:0000E918      Menus::_16541
 0001:0000E95C      Menus::_16542
 0001:0000E9EC      Menus::_16543
 0001:0000F4B4      Menus::_16564
 0001:0000F510      Menus::_16566
 0001:0000F79C      Menus::_16572
 0001:0000F7D0      Menus::_16573
 0001:0000FAF8      Menus::_16577
 0001:0000FEF8      Menus::_16589
 0001:0000FF8C      Menus::_16590
 0002:00000E60      Menus::_16624
 0002:00000E6C      Menus::_16625
 0001:00011314      Menus::_16639
 0003:0000027C      Messages::B202_1
 0001:00058A60      MultiMon::_16387
 0001:00058B60      MultiMon::_16388
 0001:00058C04      MultiMon::_16389
 0001:00058CA4      MultiMon::_16390
 0001:00058D50      MultiMon::_16391
 0001:00058DEC      MultiMon::_16392
 0001:00058EEC      MultiMon::_16393
 0001:00058FEC      MultiMon::_16394
 0001:000590EC      MultiMon::_16395
 0001:00059238      MultiMon::_16396
 0003:00000204      Multimon::B173_1
 0003:00000220      Multimon::EnumDisplayMonitors
 0003:0000021C      Multimon::GetMonitorInfo
 0003:00000214      Multimon::GetMonitorInfoA
 0003:00000218      Multimon::GetMonitorInfoW
 0003:00000204      Multimon::GetSystemMetrics
 0003:00000210      Multimon::MonitorFromPoint
 0003:0000020C      Multimon::MonitorFromRect
 0003:00000208      Multimon::MonitorFromWindow
 0003:00000044      Printers::B110_2
 0002:00000D80      Printers::_16393
 0003:00000274      Richedit::B190_1
 0001:00007BA4      StdCtrls::_16437
 0001:00007C70      StdCtrls::_16438
 0002:00000D00      StdCtrls::_16443
 0002:00000D08      StdCtrls::_16455
 0002:00000D10      StdCtrls::_16456
 0002:00000D14      StdCtrls::_16459
 0002:00000D18      StdCtrls::_16502
 0002:00000D20      StdCtrls::_16503
 0002:00000D28      StdCtrls::_16504
 0002:00000D34      StdCtrls::_16505
 0002:00000D3C      StdCtrls::_16506
 0001:00008F40      StdCtrls::_16521
 0001:00008FC0      StdCtrls::_16522
 0001:00009018      StdCtrls::_16523
 0001:000090AC      StdCtrls::_16524
 0002:00000D44      StdCtrls::_16525
 0001:000091E0      StdCtrls::_16526
 0001:000091E4      StdCtrls::_16527
 0001:000092A4      StdCtrls::_16528
 0001:000092BC      StdCtrls::_16529
 0001:00009320      StdCtrls::_16530
 0001:00009340      StdCtrls::_16531
 0002:00000D48      StdCtrls::_16534
 0002:00000D60      StdCtrls::_16535
 0002:00000D70      StdCtrls::_16536
 0002:00000D78      StdCtrls::_16625
 0003:0000002C      Stdactns::B40_2
 0001:00001A50      Stdactns::THintAction::
 0003:00000040      Stdctrls::B86_2
 0001:00007510      Stdctrls::TButton::
 0001:000072F8      Stdctrls::TButtonActionLink::
 0001:000073BC      Stdctrls::TButtonControl::
 0001:00006704      Stdctrls::TCustomEdit::
 0001:00005F8C      Stdctrls::TCustomLabel::
 0001:000068EC      Stdctrls::TCustomMemo::
 0001:000060C0      Stdctrls::TLabel::
 0001:00006A60      Stdctrls::TMemo::
 0002:00000344      SysInit::_16386
 0001:00000150      SysInit::_16393
 0001:0000019C      SysInit::_16394
 0001:0005B594      SysUtils::_16476
 0001:0005B648      SysUtils::_16482
 0002:0000151C      SysUtils::_16484
 0001:0005B6DC      SysUtils::_16485
 0002:00001520      SysUtils::_16529
 0002:0000152C      SysUtils::_16530
 0001:0005BE84      SysUtils::_16567
 0002:00001540      SysUtils::_16601
 0001:0005C1C4      SysUtils::_16602
 0001:0005C22C      SysUtils::_16603
 0001:0005C248      SysUtils::_16604
 0002:00001548      SysUtils::_16675
 0002:00001578      SysUtils::_16676
 0002:000015A8      SysUtils::_16677
 0002:000015C4      SysUtils::_16678
 0001:0005C8F0      SysUtils::_16679
 0001:0005C934      SysUtils::_16680
 0001:0005CA68      SysUtils::_16681
 0001:0005CAB4      SysUtils::_16682
 0001:0005CB40      SysUtils::_16683
 0001:0005CC04      SysUtils::_16684
 0001:0005CEEC      SysUtils::_16687
 0001:0005D314      SysUtils::_16706
 0002:000015E0      SysUtils::_16708
 0001:0005D334      SysUtils::_16709
 0001:0005D3B8      SysUtils::_16710
 0002:00001618      SysUtils::_16712
 0001:0005D3D8      SysUtils::_16713
 0001:0005D444      SysUtils::_16714
 0001:0005D4FC      SysUtils::_16715
 0001:0005D50C      SysUtils::_16716
 0001:0005D544      SysUtils::_16717
 0001:0005D574      SysUtils::_16718
 0001:0005D628      SysUtils::_16719
 0001:0005D654      SysUtils::_16720
 0001:0005D838      SysUtils::_16721
 0001:0005D94C      SysUtils::_16722
 0001:0005D974      SysUtils::_16723
 0001:0005DA40      SysUtils::_16724
 0001:0005DAB0      SysUtils::_16725
 0001:0005DB18      SysUtils::_16727
 0001:0005DEC8      SysUtils::_16746
 0002:000016C8      SysUtils::_16766
 0001:0005E458      SysUtils::_16769
 0001:0005E48C      SysUtils::_16779
 0001:0005E788      SysUtils::_16804
 0001:0005E874      SysUtils::_16805
 0003:00000294      Sysconst::B226_1
 0001:FFC0EF91      Sysconst::_16388
 0001:FFC0EF92      Sysconst::_16402
 0001:FFC0EF93      Sysconst::_16404
 0001:FFC0EF94      Sysconst::_16406
 0001:FFC0EF95      Sysconst::_16408
 0001:FFC0EF96      Sysconst::_16410
 0001:FFC0EF97      Sysconst::_16412
 0001:FFC0EF98      Sysconst::_16414
 0001:FFC0EF99      Sysconst::_16416
 0001:FFC0EF9A      Sysconst::_16418
 0001:FFC0EF9B      Sysconst::_16420
 0001:FFC0EF9C      Sysconst::_16422
 0001:FFC0EF9D      Sysconst::_16424
 0001:FFC0EF9E      Sysconst::_16426
 0001:FFC0EF9F      Sysconst::_16428
 0001:FFC0EF80      Sysconst::_16430
 0001:FFC0EF81      Sysconst::_16432
 0001:FFC0EF82      Sysconst::_16434
 0001:FFC0EF83      Sysconst::_16436
 0001:FFC0EF84      Sysconst::_16438
 0001:FFC0EF85      Sysconst::_16440
 0001:FFC0EF86      Sysconst::_16442
 0001:FFC0EF87      Sysconst::_16444
 0001:FFC0EF88      Sysconst::_16448
 0001:FFC0EF89      Sysconst::_16450
 0001:FFC0EF8A      Sysconst::_16452
 0001:FFC0EF8B      Sysconst::_16454
 0001:FFC0EF8C      Sysconst::_16456
 0001:FFC0EF8D      Sysconst::_16458
 0001:FFC0EF8E      Sysconst::_16460
 0001:FFC0EF8F      Sysconst::_16462
 0001:FFC0EF70      Sysconst::_16464
 0001:FFC0EF71      Sysconst::_16470
 0001:FFC0EF72      Sysconst::_16472
 0001:FFC0EF73      Sysconst::_16474
 0001:FFC0EF74      Sysconst::_16476
 0001:FFC0EF75      Sysconst::_16478
 0001:FFC0EF76      Sysconst::_16480
 0001:FFC0EF77      Sysconst::_16482
 0001:FFC0EF78      Sysconst::_16484
 0001:FFC0EF79      Sysconst::_16486
 0001:FFC0EF7A      Sysconst::_16488
 0001:FFC0EF7B      Sysconst::_16500
 0001:FFC0EF7C      Sysconst::_16502
 0001:FFC0EF7D      Sysconst::_16506
 0001:FFC0EF7E      Sysconst::_16508
 0001:FFC0EF7F      Sysconst::_16510
 0001:FFC0EF60      Sysconst::_16512
 0001:FFC0EF61      Sysconst::_16514
 0001:FFC0EF62      Sysconst::_16516
 0001:FFC0EF63      Sysconst::_16518
 0001:FFC0EF64      Sysconst::_16520
 0001:FFC0EF65      Sysconst::_16522
 0001:FFC0EF66      Sysconst::_16524
 0001:FFC0EF67      Sysconst::_16526
 0001:FFC0EF68      Sysconst::_16528
 0001:FFC0EF69      Sysconst::_16530
 0001:FFC0EF6A      Sysconst::_16532
 0001:FFC0EF6B      Sysconst::_16534
 0001:FFC0EF6C      Sysconst::_16536
 0001:FFC0EF6D      Sysconst::_16538
 0001:FFC0EF6E      Sysconst::_16540
 0001:FFC0EF6F      Sysconst::_16542
 0001:FFC0EF50      Sysconst::_16544
 0001:FFC0EF51      Sysconst::_16546
 0001:FFC0EF52      Sysconst::_16548
 0001:FFC0EF53      Sysconst::_16550
 0001:FFC0EF54      Sysconst::_16552
 0001:FFC0EF55      Sysconst::_16554
 0001:FFC0EF56      Sysconst::_16556
 0001:FFC0EF57      Sysconst::_16558
 0001:FFC0EF58      Sysconst::_16560
 0001:FFC0EF59      Sysconst::_16562
 0001:FFC0EF5A      Sysconst::_16564
 0001:FFC0EF5B      Sysconst::_16566
 0001:FFC0EF5C      Sysconst::_16568
 0001:FFC0EF5D      Sysconst::_16570
 0001:FFC0EF5E      Sysconst::_16572
 0001:FFC0EF5F      Sysconst::_16574
 0001:FFC0EF40      Sysconst::_16576
 0001:FFC0EF41      Sysconst::_16578
 0001:FFC0EF42      Sysconst::_16580
 0001:00059FB8      Sysconst::_SAbstractError
 0001:00059EA8      Sysconst::_SAccessDenied
 0001:00059F10      Sysconst::_SAccessViolation
 0001:00059F48      Sysconst::_SArgumentMissing
 0001:00059FB0      Sysconst::_SAssertError
 0001:00059F98      Sysconst::_SAssertionFailed
 0001:00059F20      Sysconst::_SControlC
 0001:00059EB8      Sysconst::_SDiskFull
 0001:00059F60      Sysconst::_SDispatchError
 0001:00059EC8      Sysconst::_SDivByZero
 0001:00059EB0      Sysconst::_SEndOfFile
 0001:00059F38      Sysconst::_SExceptTitle
 0001:00059F30      Sysconst::_SException
 0001:00059F90      Sysconst::_SExternalException
 0001:00059E90      Sysconst::_SFileNotFound
 0001:00059E88      Sysconst::_SInOutError
 0001:00059ED8      Sysconst::_SIntOverflow
 0001:00059FA0      Sysconst::_SIntfCastError
 0001:00059F08      Sysconst::_SInvalidCast
 0001:00059E98      Sysconst::_SInvalidFilename
 0001:00059F40      Sysconst::_SInvalidFormat
 0001:00059EC0      Sysconst::_SInvalidInput
 0001:00059E78      Sysconst::_SInvalidInteger
 0001:00059EE0      Sysconst::_SInvalidOp
 0001:00059F00      Sysconst::_SInvalidPointer
 0001:00059F50      Sysconst::_SInvalidVarCast
 0001:00059F58      Sysconst::_SInvalidVarOp
 0001:0005A0F8      Sysconst::_SLongDayNameFri
 0001:0005A0D8      Sysconst::_SLongDayNameMon
 0001:0005A100      Sysconst::_SLongDayNameSat
 0001:0005A0D0      Sysconst::_SLongDayNameSun
 0001:0005A0F0      Sysconst::_SLongDayNameThu
 0001:0005A0E0      Sysconst::_SLongDayNameTue
 0001:0005A0E8      Sysconst::_SLongDayNameWed
 0001:0005A050      Sysconst::_SLongMonthNameApr
 0001:0005A070      Sysconst::_SLongMonthNameAug
 0001:0005A090      Sysconst::_SLongMonthNameDec
 0001:0005A040      Sysconst::_SLongMonthNameFeb
 0001:0005A038      Sysconst::_SLongMonthNameJan
 0001:0005A068      Sysconst::_SLongMonthNameJul
 0001:0005A060      Sysconst::_SLongMonthNameJun
 0001:0005A048      Sysconst::_SLongMonthNameMar
 0001:0005A058      Sysconst::_SLongMonthNameMay
 0001:0005A088      Sysconst::_SLongMonthNameNov
 0001:0005A080      Sysconst::_SLongMonthNameOct
 0001:0005A078      Sysconst::_SLongMonthNameSep
 0001:00059FC0      Sysconst::_SModuleAccessViolation
 0001:00059E80      Sysconst::_SOutOfMemory
 0001:00059EF0      Sysconst::_SOverflow
 0001:00059F28      Sysconst::_SPrivilege
 0001:00059ED0      Sysconst::_SRangeError
 0001:00059F68      Sysconst::_SReadAccess
 0001:00059FA8      Sysconst::_SSafecallException
 0001:0005A0C0      Sysconst::_SShortDayNameFri
 0001:0005A0A0      Sysconst::_SShortDayNameMon
 0001:0005A0C8      Sysconst::_SShortDayNameSat
 0001:0005A098      Sysconst::_SShortDayNameSun
 0001:0005A0B8      Sysconst::_SShortDayNameThu
 0001:0005A0A8      Sysconst::_SShortDayNameTue
 0001:0005A0B0      Sysconst::_SShortDayNameWed
 0001:00059FF0      Sysconst::_SShortMonthNameApr
 0001:0005A010      Sysconst::_SShortMonthNameAug
 0001:0005A030      Sysconst::_SShortMonthNameDec
 0001:00059FE0      Sysconst::_SShortMonthNameFeb
 0001:00059FD8      Sysconst::_SShortMonthNameJan
 0001:0005A008      Sysconst::_SShortMonthNameJul
 0001:0005A000      Sysconst::_SShortMonthNameJun
 0001:00059FE8      Sysconst::_SShortMonthNameMar
 0001:00059FF8      Sysconst::_SShortMonthNameMay
 0001:0005A028      Sysconst::_SShortMonthNameNov
 0001:0005A020      Sysconst::_SShortMonthNameOct
 0001:0005A018      Sysconst::_SShortMonthNameSep
 0001:00059F18      Sysconst::_SStackOverflow
 0001:00059EA0      Sysconst::_STooManyOpenFiles
 0001:00059EF8      Sysconst::_SUnderflow
 0001:00059FD0      Sysconst::_SUnkWin32Error
 0001:00059F88      Sysconst::_SVarArrayBounds
 0001:00059F78      Sysconst::_SVarArrayCreate
 0001:00059F80      Sysconst::_SVarNotArray
 0001:00059FC8      Sysconst::_SWin32Error
 0001:00059F70      Sysconst::_SWriteAccess
 0001:00059EE8      Sysconst::_SZeroDivide
 0003:00000000      Sysinit::B2_2
 0002:00000340      Sysinit::DataMark
 0003:00000010      Sysinit::DllProc
 0003:0000000C      Sysinit::HInstance
 0003:00000002      Sysinit::ModuleIsCpp
[...]
 0002:00003524      d2097_1
 0002:0000490C      __odtbl__ __fastcall System::AnsiString::AnsiString(const char *)
 0002:0000491C      __ectbl__ __fastcall System::AnsiString::AnsiString(const char *)
 0002:00004930      __odtbl__ __fastcall System::AnsiString::AnsiString(const System::AnsiString&)
 0002:00004940      __ectbl__ __fastcall System::AnsiString::AnsiString(const System::AnsiString&)
 0002:00004954      __odtbl__ __fastcall System::operator +(const char *, const System::AnsiString&)
 0002:00004994      __ectbl__ __fastcall System::operator +(const char *, const System::AnsiString&)
 0002:000049CC      d2188_1
 0002:000049DC      __odtbl__ __stdcall __LateVCLInit()
 0002:00004A0C      __ectbl__ __stdcall __LateVCLInit()
 0002:00004A38      Exeres::D20_1
 0002:00004A44      __odtbl__ __fastcall Exeres::Register()
 0002:00004A54      __ectbl__ __fastcall Exeres::Register()
 0002:00004A68      __odtbl__ __fastcall TExeResource::TExeResource(Classes::TComponent *)
 0002:00004A88      __ectbl__ __fastcall TExeResource::TExeResource(Classes::TComponent *)
 0002:00004AA8      __odtbl__ __fastcall TExeResource::SetLibLoaded(bool)
 0002:00004AB8      __ectbl__ __fastcall TExeResource::SetLibLoaded(bool)
 0002:00004ACC      __odtbl__ __fastcall TExeResource::SetLibFileName(System::AnsiString)
 0002:00004AEC      __ectbl__ __fastcall TExeResource::SetLibFileName(System::AnsiString)
 0002:00004B0C      __odtbl__ __fastcall TExeResource::~TExeResource()
 0002:00004B2C      __ectbl__ __fastcall TExeResource::~TExeResource()
 0002:00004B4C      TExeResource:: (rtti)
 0002:00004BD8      Exeinfo::D22_1
 0002:00004CA0      __odtbl__ __fastcall Exeinfo::Register()
 0002:00004CB0      __ectbl__ __fastcall Exeinfo::Register()
 0002:00004CC4      __odtbl__ __fastcall TExeInformation::TExeInformation(Classes::TComponent *)
 0002:00004CD4      __ectbl__ __fastcall TExeInformation::TExeInformation(Classes::TComponent *)
 0002:00004CE8      __odtbl__ __fastcall TExeInformation::SetSorry(System::AnsiString)
 0002:00004CF8      __ectbl__ __fastcall TExeInformation::SetSorry(System::AnsiString)
 0002:00004D0C      __odtbl__ __fastcall TExeInformation::GetFileVersion()
 0002:00004D48      __ectbl__ __fastcall TExeInformation::GetFileVersion()
 0002:00004D80      __odtbl__ __fastcall TExeInformation::GetMajorVersion()
 0002:00004DE8      __ectbl__ __fastcall TExeInformation::GetMajorVersion()
 0002:00004E2C      __odtbl__ __fastcall TExeInformation::GetMinorVersion()
 0002:00004E94      __ectbl__ __fastcall TExeInformation::GetMinorVersion()
 0002:00004ED8      __odtbl__ __fastcall TExeInformation::GetRelease()
 0002:00004F40      __ectbl__ __fastcall TExeInformation::GetRelease()
 0002:00004F84      __odtbl__ __fastcall TExeInformation::GetBuild()
 0002:00004FEC      __ectbl__ __fastcall TExeInformation::GetBuild()
 0002:00005030      __odtbl__ __fastcall TExeInformation::GetCompanyName()
 0002:0000506C      __ectbl__ __fastcall TExeInformation::GetCompanyName()
 0002:000050A4      __odtbl__ __fastcall TExeInformation::GetFileDescription()
 0002:000050E0      __ectbl__ __fastcall TExeInformation::GetFileDescription()
 0002:00005118      __odtbl__ __fastcall TExeInformation::GetInternalName()
 0002:00005154      __ectbl__ __fastcall TExeInformation::GetInternalName()
 0002:0000518C      __odtbl__ __fastcall TExeInformation::GetLegalCopyright()
 0002:000051C8      __ectbl__ __fastcall TExeInformation::GetLegalCopyright()
 0002:00005200      __odtbl__ __fastcall TExeInformation::GetLegalTrademarks()
 0002:0000523C      __ectbl__ __fastcall TExeInformation::GetLegalTrademarks()
 0002:00005274      __odtbl__ __fastcall TExeInformation::GetOriginalFilename()
 0002:000052B0      __ectbl__ __fastcall TExeInformation::GetOriginalFilename()
 0002:000052E8      __odtbl__ __fastcall TExeInformation::GetProductName()
 0002:00005324      __ectbl__ __fastcall TExeInformation::GetProductName()
 0002:0000535C      __odtbl__ __fastcall TExeInformation::GetProductVersion()
 0002:00005398      __ectbl__ __fastcall TExeInformation::GetProductVersion()
 0002:000053D0      __odtbl__ __fastcall TExeInformation::GetComments()
 0002:0000540C      __ectbl__ __fastcall TExeInformation::GetComments()
 0002:00005444      TExeInformation:: (rtti)
 0002:000054D0      __ectbl__ __fastcall TExeInformation::~TExeInformation()
 0002:000054D8      Framepan::D24_1
 0002:000054E8      __odtbl__ __fastcall Framepan::Register()
 0002:000054F8      __ectbl__ __fastcall Framepan::Register()
 0002:0000550C      __odtbl__ __fastcall TRamka::TRamka(Classes::TComponent *)
 0002:0000551C      __ectbl__ __fastcall TRamka::TRamka(Classes::TComponent *)
 0002:00005530      __odtbl__ __fastcall TRamka::~TRamka()
 0002:00005540      __ectbl__ __fastcall TRamka::~TRamka()
 0002:00005554      TRamka:: (rtti)
 0002:00005630      __indStub:108
 0002:00005634      __indStub:109
 0002:00005638      __indStub:111
 0002:0000563C      __indStub:4341
 0002:00005640      __indStub:6106
 0002:00005644      __indStub:3235
 0002:00005648      __indStub:6031
 0002:0000564C      __indStub:3078
 0002:00005650      __indStub:5402
 0002:00005654      __indStub:5403
 0002:00005658      __indStub:5404
 0002:0000565C      __indStub:5414
 0002:00005660      __indStub:5411
 0002:00005664      __indStub:4336
 0002:00005668      __indStub:5401
 0002:0000566C      __indStub:7185
 0002:00005670      __indStub:6038
 0002:00005674      __indStub:6035
 0002:00005678      __indStub:6030
 0002:0000567C      __indStub:6032
 0002:00005680      __indStub:6036
 0002:00005684      __indStub:6037
 0002:00005688      __indStub:4337
 0002:0000568C      __indStub:4338
 0002:00005690      __indStub:4339
 0002:00005694      __indStub:6503
 0002:00005698      __indStub:4335
 0002:0000569C      __indStub:6034
 0002:000056A0      __indStub:7183
 0002:000056A4      __indStub:7184
 0002:000056A8      __indStub:5405
 0002:000056AC      __indStub:5406
 0002:000056B0      __indStub:5407
 0002:000056B4      __indStub:5408
 0002:000056B8      __indStub:4317
 0002:000056BC      __indStub:4318
 0002:000056C0      __indStub:4319
 0002:000056C4      __indStub:4320
 0002:000056C8      __indStub:4321
 0002:000056CC      __indStub:4322
 0002:000056D0      __indStub:4323
 0002:000056D4      __indStub:4324
 0002:000056D8      __indStub:4325
 0002:000056DC      __indStub:4326
 0002:000056E0      __indStub:4327
 0002:000056E4      __indStub:4328
 0002:000056E8      __indStub:4329
 0002:000056EC      __indStub:4330
 0002:000056F0      __indStub:4331
 0002:000056F4      __indStub:4332
 0002:000056F8      __indStub:4333
 0002:000056FC      __indStub:4334
 0002:00005700      __indStub:5415
 0002:00005704      __indStub:3077
 0002:00005708      __indStub:6033
 0002:0000570C      __indStub:7186
 0002:00005710      __indStub:7187
 0002:00005714      __indStub:7188
 0002:00005718      __indStub:7189
 0002:0000571C      __indStub:7365
 0002:00005720      __indStub:7257
 0002:00005724      __indStub:6120
 0002:00005728      __indStub:6130
 0002:0000572C      __indStub:7273
 0002:00005730      __indStub:7299
 0002:00005734      __indStub:7385
 0002:00005738      __indStub:7281
 0002:0000573C      __indStub:7283
 0002:00005740      __indStub:7730
 0002:00005744      __indStub:7603
 0002:00005748      __indStub:7464
 0002:0000574C      __indStub:7287
 0002:00005750      __indStub:7285
 0002:00005754      __indStub:7263
 0002:00005758      __indStub:7265
 0002:0000575C      __indStub:7275
 0002:00005760      __indStub:7259
 0002:00005764      __indStub:7261
 0002:00005768      __indStub:7267
 0002:0000576C      __indStub:7269
 0002:00005770      __indStub:7307
 0002:00005774      __indStub:7315
 0002:00005778      __indStub:7319
 0002:0000577C      __indStub:7309
 0002:00005780      __indStub:7317
 0002:00005784      __indStub:7321
 0002:00005788      __indStub:7295
 0002:0000578C      __indStub:7297
 0002:00005790      __indStub:7407
 0002:00005794      __indStub:7401
 0002:00005798      __indStub:7403
 0002:0000579C      __indStub:7405
 0002:000057A0      __indStub:7399
 0002:000057A4      __indStub:7395
 0002:000057A8      __indStub:7393
 0002:000057AC      __indStub:7397
 0002:000057B0      __indStub:7391
 0002:000057B4      __indStub:7389
 0002:000057B8      __indStub:6041
 0002:000057BC      __indStub:6042
 0002:000057C0      __indStub:6044
 0002:000057C4      __indStub:6043
 0002:000057C8      __indStub:6024
 0002:000057CC      __indStub:6025
 0002:000057D0      __indStub:6026
 0002:000057D4      __indStub:6028
 0002:000057D8      __indStub:11631
 0002:000057DC      __indStub:3329
 0002:000057E0      __indStub:4400
 0002:000057E4      __indStub:4401
 0002:000057E8      __indStub:4403
 0002:000057EC      __indStub:3328
 0002:000057F0      __indStub:11857
 0002:000057F4      __indStub:11916
 0002:000057F8      __indStub:11918
 0002:000057FC      __indStub:11873
 0002:00005800      __indStub:11946
 0002:00005804      __indStub:11952
 0002:00005808      __indStub:11954
 0002:0000580C      __indStub:11930
 0002:00005810      __indStub:11932
 0002:00005814      __indStub:11956
 0002:00005818      __indStub:11906
 0002:0000581C      __indStub:11944
 0002:00005820      __indStub:11871
 0002:00005824      __indStub:11902
 0002:00005828      __indStub:11968
 0002:0000582C      __indStub:11970
 0002:00005830      __indStub:11950
 0002:00005834      __indStub:11948
 0002:00005838      __indStub:11942
 0002:0000583C      __indStub:11940
 0002:00005840      __indStub:11938
 0002:00005844      __indStub:11928
 0002:00005848      __indStub:11926
 0002:0000584C      __indStub:11924
 0002:00005850      __indStub:11908
 0002:00005854      __indStub:11910
 0002:00005858      __indStub:11912
 0002:0000585C      __indStub:11904
 0002:00005860      __indStub:11900
 0002:00005864      __indStub:11898
 0002:00005868      __indStub:11896
 0002:0000586C      __indStub:11894
 0002:00005870      __indStub:11891
 0002:00005874      __indStub:11889
 0002:00005878      __indStub:11887
 0002:0000587C      __indStub:11885
 0002:00005880      __indStub:11883
 0002:00005884      __indStub:11881
 0002:00005888      __indStub:11879
 0002:0000588C      __indStub:11877
 0002:00005890      __indStub:11875
 0002:00005894      __indStub:12048
 0002:00005898      __indStub:12046
 0002:0000589C      __indStub:12044
 0002:000058A0      __indStub:12042
 0002:000058A4      __indStub:12040
 0002:000058A8      __indStub:12038
 0002:000058AC      __indStub:12036
 0002:000058B0      __indStub:12034
 0002:000058B4      __indStub:12032
 0002:000058B8      __indStub:12030
 0002:000058BC      __indStub:12028
 0002:000058C0      __indStub:12026
 0002:000058C4      __indStub:12024
 0002:000058C8      __indStub:12022
 0002:000058CC      __indStub:12020
 0002:000058D0      __indStub:12018
 0002:000058D4      __indStub:12016
 0002:000058D8      __indStub:12014
 0002:000058DC      __indStub:12012
 0002:000058E0      __indStub:12010
 0002:000058E4      __indStub:12008
 0002:000058E8      __indStub:12006
 0002:000058EC      __indStub:12004
 0002:000058F0      __indStub:12002
 0002:000058F4      __indStub:12000
 0002:000058F8      __indStub:11998
 0002:000058FC      __indStub:11996
 0002:00005900      __indStub:11994
 0002:00005904      __indStub:11992
 0002:00005908      __indStub:11990
 0002:0000590C      __indStub:11988
 0002:00005910      __indStub:11986
 0002:00005914      __indStub:11984
 0002:00005918      __indStub:11982
 0002:0000591C      __indStub:11980
 0002:00005920      __indStub:11978
 0002:00005924      __indStub:11976
 0002:00005928      __indStub:11974
 0002:0000592C      __indStub:11922
 0002:00005930      __indStub:11920
 0002:00005934      __indStub:10311
 0002:00005938      __indStub:12501
 0002:0000593C      __indStub:12500
 0002:00005940      __indStub:12503
 0002:00005944      __indStub:12504
 0002:00005948      __indStub:12502
 0002:0000594C      __indStub:12505
 0002:00005950      __indStub:12506
 0002:00005954      __indStub:6228
 0002:00005958      __indStub:77
 0002:0000595C      __indStub:6230
 0002:00005960      __indStub:79
 0002:00005964      __indStub:6229
 0002:00005968      __indStub:81
 0002:0000596C      __indStub:80
 0002:00005970      __indStub:12494
 0002:00005974      __indStub:10316
 0002:00005978      __indStub:13018
 0002:0000597C      __indStub:7337
 0002:00005980      __indStub:7343
 0002:00005984      __indStub:7345
 0002:00005988      __indStub:7347
 0002:0000598C      __indStub:7349
 0002:00005990      __indStub:7351
 0002:00005994      __indStub:2607
 0002:00005998      __indStub:2609
 0002:0000599C      __indStub:7881
 0002:000059A4      __TLS_index
 0003:00000000      Sysinit::ModuleIsLib
 0003:00000000      Sysinit::B2_2
 0003:00000001      Sysinit::ModuleIsPackage
 0003:00000002      Sysinit::ModuleIsCpp
 0003:00000004      Sysinit::TlsIndex
 0003:00000008      Sysinit::TlsLast
 0003:0000000C      Sysinit::HInstance
 0003:00000010      Sysinit::DllProc
 0003:0000001C      _Form1
 0003:0000001C      b4_2
 0003:00000020      b5_2
 0003:00000020      _AboutForm
 0003:00000024      Contnrs::B30_1
 0003:00000028      Urlmon::B36_2
 0003:0000002C      Stdactns::B40_2
 0003:00000030      Imglist::B42_2
 0003:00000034      Actnlist::B44_2
 0003:00000038      Toolwin::B78_2
 0003:0000003C      Typinfo::B84_2
 0003:00000040      Stdctrls::B86_2
 0003:00000044      Printers::B110_2
 0003:00000048      Menus::PopupList
 0003:00000048      Menus::B119_2
 0003:0000004C      Menus::ShortCutItems
 0003:00000058      Graphics::B128_2
 0003:00000058      Graphics::SystemPalette16
 0003:000000B8      Forms::B129_2
 0003:000000B8      Forms::Application
 0003:000000BC      Forms::Screen
 0003:000000DC      Extctrls::B145_2
 0003:000000E0      Controls::Mouse
 0003:000000E0      Controls::B149_2
 0003:000000E4      Controls::NewStyleControls
 0003:00000150      Consts::B151_1
 0003:00000154      Comstrs::B153_1
 0003:00000158      Comctrls::B155_2
 0003:0000018C      Clipbrd::B162_1
 0003:0000018C      Clipbrd::CF_PICTURE
 0003:0000018E      Clipbrd::CF_COMPONENT
 0003:00000198      Classes::B163_2
 0003:00000198      Classes::GlobalNameSpace
 0003:0000019C      Classes::FindGlobalComponent
 0003:000001D4      Buttons::B166_2
 0003:00000204      Multimon::GetSystemMetrics
 0003:00000204      Multimon::B173_1
 0003:00000208      Multimon::MonitorFromWindow
 0003:0000020C      Multimon::MonitorFromRect
 0003:00000210      Multimon::MonitorFromPoint
 0003:00000214      Multimon::GetMonitorInfoA
 0003:00000218      Multimon::GetMonitorInfoW
 0003:0000021C      Multimon::GetMonitorInfo
 0003:00000220      Multimon::EnumDisplayMonitors
 0003:00000238      Flatsb::FlatSB_EnableScrollBar
 0003:00000238      Flatsb::B174_1
 0003:0000023C      Flatsb::FlatSB_ShowScrollBar
 0003:00000240      Flatsb::FlatSB_GetScrollRange
 0003:00000244      Flatsb::FlatSB_GetScrollInfo
 0003:00000248      Flatsb::FlatSB_GetScrollPos
 0003:0000024C      Flatsb::FlatSB_SetScrollPos
 0003:00000250      Flatsb::FlatSB_SetScrollInfo
 0003:00000254      Flatsb::FlatSB_SetScrollRange
 0003:0000026C      Winspool::B178_1
 0003:00000270      Windows::B183_2
 0003:00000274      Richedit::B190_1
 0003:00000278      Activex::B197_2
 0003:0000027C      Messages::B202_1
 0003:00000280      Imm::B211_1
 0003:00000284      Commctrl::B218_1
 0003:00000290      Math::B219_2
 0003:00000294      Sysconst::B226_1
 0003:00000298      Sysutils::CurrencyString
 0003:00000298      Sysutils::B227_2
 0003:0000029C      Sysutils::CurrencyFormat
 0003:0000029D      Sysutils::NegCurrFormat
 0003:0000029E      Sysutils::ThousandSeparator
 0003:0000029F      Sysutils::DecimalSeparator
 0003:000002A0      Sysutils::CurrencyDecimals
 0003:000002A1      Sysutils::DateSeparator
 0003:000002A4      Sysutils::ShortDateFormat
 0003:000002A8      Sysutils::LongDateFormat
 0003:000002AC      Sysutils::TimeSeparator
 0003:000002B0      Sysutils::TimeAMString
 0003:000002B4      Sysutils::TimePMString
 0003:000002B8      Sysutils::ShortTimeFormat
 0003:000002BC      Sysutils::LongTimeFormat
 0003:000002C0      Sysutils::ShortMonthNames
 0003:000002F0      Sysutils::LongMonthNames
 0003:00000320      Sysutils::ShortDayNames
 0003:0000033C      Sysutils::LongDayNames
 0003:00000358      Sysutils::SysLocale
 0003:00000364      Sysutils::EraNames
 0003:00000380      Sysutils::EraYearOffsets
 0003:0000039C      Sysutils::ListSeparator
 0003:000003B4      System::ExceptProc
 0003:000003B4      System::B229_2
 0003:000003B8      System::ErrorProc
 0003:000003BC      System::ExceptClsProc
 0003:000003C0      System::ExceptObjProc
 0003:000003C4      System::ExceptionClass
 0003:000003C8      System::SafeCallErrorProc
 0003:000003CC      System::AssertErrorProc
 0003:000003D0      System::AbstractErrorProc
 0003:000003D4      System::HPrevInst
 0003:000003D8      System::MainInstance
 0003:000003DC      System::MainThreadID
 0003:000003E0      System::IsLibrary
 0003:000003E4      System::CmdShow
 0003:000003E8      System::CmdLine
 0003:000003EC      System::InitProc
 0003:000003F0      System::ExitCode
 0003:000003F4      System::ExitProc
 0003:000003F8      System::ErrorAddr
 0003:000003FC      System::RandSeed
 0003:00000400      System::IsConsole
 0003:00000401      System::IsMultiThread
 0003:00000402      System::FileMode
 0003:00000403      System::Test8086
 0003:00000404      System::Test8087
 0003:00000405      System::TestFDIV
 0003:00000408      System::Input
 0003:000005D4      System::Output
 0003:000007A0      System::ClearAnyProc
 0003:000007A4      System::ChangeAnyProc
 0003:000007A8      System::RefAnyProc
 0003:000007AC      System::Unassigned
 0003:000007BC      System::Null
 0003:000007CC      System::EmptyParam
 0003:000007DC      System::AllocMemCount
 0003:000007E0      System::AllocMemSize
 0003:00000888      __new_handler
 0003:00000888      b413_2
 0003:0000088C      ___bad_alloc
 0003:00000890      __bormm_pfn_FreeMem
 0003:00000890      b435_2
 0003:00000894      __bormm_pfn_GetMem
 0003:00000898      __bormm_pfn_ReallocMem
 0003:0000089C      __bormm_pfn_HeapAddRef
 0003:000008A0      __bormm_pfn_HeapRelease
 0003:000008A8      b453_0
 0003:000008A8      ___Must_Link_VCL_Apps_With_The_CP32MT_Or_CP32MTI_RTL
 0003:000008AC      b463_2
 0003:000008D8      __rwstd::__rw_error_msg_mutex
 0003:000008D8      b524_2
 0003:000008F4      b732_2
 0003:00000D04      b736_2
 0003:00000D04      __DestructorCountPtr
 0003:00000D0C      __HandlerPtr
 0003:00000D0C      b742_2
 0003:00000D10      __UserHandlerPtr
 0003:00000D14      __pidtab
 0003:00000D14      b932_1
 0003:00000DDC      __handles
 0003:00000EA4      b1006_2
 0003:00000EAC      b1108_2
 0003:00000EB4      __mbctype
 0003:00000EB4      b1646_2
 0003:00000FB8      __mbcsCodePage
 0003:00000FBC      b1782_2
 0003:000010BC      b1798_2
 0003:000010D8      __argv
 0003:000010D8      b1892_2
 0003:000010E4      b1894_2
 0003:000010E8      b1896_2
 0003:000010EC      __environ
 0003:000010EC      b1968_2
 0003:000010F4      __envsize
 0003:000010F8      __env_lock
 0003:000010FC      __C0argc
 0003:000010FC      b1989_1
 0003:00001100      __C0argv
 0003:00001104      __C0environ
 0003:00001108      __oscmd
 0003:0000110C      __osenv
 0003:00001110      __argc
 0003:00001114      __dll_table
 0003:0000111C      __ExcRegPtr
 0003:00001120      __wosenv
 0003:00001124      __woscmd
 0003:00001128      ___exit_lock
 0003:0000112C      __wC0argv
 0003:00001130      __wC0environ
 0003:00001134      __exe_table
 0003:0000113C      __stkbase
 0003:00001140      b2013_2
 0003:00001148      b2019_2
 0003:0000414C      b2097_2
 0003:00004150      ___pCPPdebugHook
 0003:0000415C      Exeres::B20_3
 0003:00004160      Exeinfo::B22_3
 0003:00004164      Framepan::B24_3
 0004:00000000      Classes::T163_3
 0004:00000008      System::T229_3
 0004:00000010      t736_3
 0004:00000010      ___xxInfo
 0004:000000AC      t2005_1
 0004:000000AC      __stkindex
 0004:000000B0      __tlsindex
